Archive member included because of file (symbol)

/opt/york/cs/net/sourcery-g++-lite-arm-eabi-2010.09.51-i686-1/bin/../lib/gcc/arm-none-eabi/4.5.1/../../../../arm-none-eabi/lib/thumb2/libc.a(lib_a-strcmp.o)
                              DevelopmentController.o (strcmp)
/opt/york/cs/net/sourcery-g++-lite-arm-eabi-2010.09.51-i686-1/bin/../lib/gcc/arm-none-eabi/4.5.1/../../../../arm-none-eabi/lib/thumb2/libcs3.a(start_c.o)
                              (__cs3_start_c)
/opt/york/cs/net/sourcery-g++-lite-arm-eabi-2010.09.51-i686-1/bin/../lib/gcc/arm-none-eabi/4.5.1/../../../../arm-none-eabi/lib/thumb2/libcs3unhosted.a(unhosted-start.o)
                              /opt/york/cs/net/bin/../lpc1700-cmsis-lite-2011.01.26-i686-1/lib/startup_LPC17xx.o (_start)
/opt/york/cs/net/sourcery-g++-lite-arm-eabi-2010.09.51-i686-1/bin/../lib/gcc/arm-none-eabi/4.5.1/../../../../arm-none-eabi/lib/thumb2/libc.a(lib_a-init.o)
                              /opt/york/cs/net/sourcery-g++-lite-arm-eabi-2010.09.51-i686-1/bin/../lib/gcc/arm-none-eabi/4.5.1/../../../../arm-none-eabi/lib/thumb2/libcs3.a(start_c.o) (__libc_init_array)
/opt/york/cs/net/bin/../lpc1700-cmsis-lite-2011.01.26-i686-1/lib/libDriversLPC17xxgnu.a(lpc17xx_gpio.o)
                              DevelopmentController.o (GPIO_SetDir)
/opt/york/cs/net/bin/../lpc1700-cmsis-lite-2011.01.26-i686-1/lib/libDriversLPC17xxgnu.a(lpc17xx_i2c.o)
                              DevelopmentController.o (I2C_Init)
/opt/york/cs/net/bin/../lpc1700-cmsis-lite-2011.01.26-i686-1/lib/libDriversLPC17xxgnu.a(lpc17xx_libcfg_default.o)
                              /opt/york/cs/net/bin/../lpc1700-cmsis-lite-2011.01.26-i686-1/lib/libDriversLPC17xxgnu.a(lpc17xx_i2c.o) (check_failed)
/opt/york/cs/net/bin/../lpc1700-cmsis-lite-2011.01.26-i686-1/lib/libDriversLPC17xxgnu.a(lpc17xx_pinsel.o)
                              DevelopmentController.o (PINSEL_ConfigPin)
/opt/york/cs/net/bin/../lpc1700-cmsis-lite-2011.01.26-i686-1/lib/libDriversLPC17xxgnu.a(lpc17xx_clkpwr.o)
                              /opt/york/cs/net/bin/../lpc1700-cmsis-lite-2011.01.26-i686-1/lib/libDriversLPC17xxgnu.a(lpc17xx_i2c.o) (CLKPWR_SetPCLKDiv)

Allocating common symbols
Common symbol       size              file

ScreenTransferConfig
                    0x2c              DevelopmentController.o
output              0x1e              DevelopmentController.o
KeypadTransferConfig
                    0x2c              DevelopmentController.o

Memory Configuration

Name             Origin             Length             Attributes
rom              0x00000000         0x00080000         xr
ram              0x10000000         0x00008000         xrw
ram1             0x2007c000         0x00004000         xrw
ram2             0x20080000         0x00004000         xrw
*default*        0x00000000         0xffffffff

Linker script and memory map

LOAD /opt/york/cs/net/sourcery-g++-lite-arm-eabi-2010.09.51-i686-1/bin/../lib/gcc/arm-none-eabi/4.5.1/thumb2/crti.o
LOAD /opt/york/cs/net/sourcery-g++-lite-arm-eabi-2010.09.51-i686-1/bin/../lib/gcc/arm-none-eabi/4.5.1/thumb2/crtbegin.o
LOAD DevelopmentController.o
LOAD /opt/york/cs/net/bin/../lpc1700-cmsis-lite-2011.01.26-i686-1/lib/core_cm3.o
LOAD /opt/york/cs/net/bin/../lpc1700-cmsis-lite-2011.01.26-i686-1/lib/system_LPC17xx.o
LOAD /opt/york/cs/net/bin/../lpc1700-cmsis-lite-2011.01.26-i686-1/lib/startup_LPC17xx.o
START GROUP
LOAD /opt/york/cs/net/sourcery-g++-lite-arm-eabi-2010.09.51-i686-1/bin/../lib/gcc/arm-none-eabi/4.5.1/../../../../arm-none-eabi/lib/thumb2/libc.a
LOAD /opt/york/cs/net/sourcery-g++-lite-arm-eabi-2010.09.51-i686-1/bin/../lib/gcc/arm-none-eabi/4.5.1/../../../../arm-none-eabi/lib/thumb2/libg.a
LOAD /opt/york/cs/net/sourcery-g++-lite-arm-eabi-2010.09.51-i686-1/bin/../lib/gcc/arm-none-eabi/4.5.1/../../../../arm-none-eabi/lib/thumb2/libstdc++.a
LOAD /opt/york/cs/net/sourcery-g++-lite-arm-eabi-2010.09.51-i686-1/bin/../lib/gcc/arm-none-eabi/4.5.1/../../../../arm-none-eabi/lib/thumb2/libsupc++.a
LOAD /opt/york/cs/net/sourcery-g++-lite-arm-eabi-2010.09.51-i686-1/bin/../lib/gcc/arm-none-eabi/4.5.1/thumb2/libgcc.a
LOAD /opt/york/cs/net/sourcery-g++-lite-arm-eabi-2010.09.51-i686-1/bin/../lib/gcc/arm-none-eabi/4.5.1/../../../../arm-none-eabi/lib/thumb2/libm.a
END GROUP
START GROUP
LOAD /opt/york/cs/net/sourcery-g++-lite-arm-eabi-2010.09.51-i686-1/bin/../lib/gcc/arm-none-eabi/4.5.1/thumb2/libgcc.a
LOAD /opt/york/cs/net/sourcery-g++-lite-arm-eabi-2010.09.51-i686-1/bin/../lib/gcc/arm-none-eabi/4.5.1/../../../../arm-none-eabi/lib/thumb2/libc.a
LOAD /opt/york/cs/net/sourcery-g++-lite-arm-eabi-2010.09.51-i686-1/bin/../lib/gcc/arm-none-eabi/4.5.1/../../../../arm-none-eabi/lib/thumb2/libcs3.a
LOAD /opt/york/cs/net/sourcery-g++-lite-arm-eabi-2010.09.51-i686-1/bin/../lib/gcc/arm-none-eabi/4.5.1/../../../../arm-none-eabi/lib/thumb2/libcs3unhosted.a
LOAD /opt/york/cs/net/sourcery-g++-lite-arm-eabi-2010.09.51-i686-1/bin/../lib/gcc/arm-none-eabi/4.5.1/../../../../arm-none-eabi/lib/thumb2/libcs3micro.a
END GROUP
                0x10008000                PROVIDE (__cs3_stack, (__cs3_region_start_ram + __cs3_region_size_ram))
                0x00007f38                PROVIDE (__cs3_stack_size, ((__cs3_region_start_ram + __cs3_region_size_ram) - _end))
                0x100000c8                PROVIDE (__cs3_heap_start, _end)
                0x10008000                PROVIDE (__cs3_heap_end, (__cs3_region_start_ram + __cs3_region_size_ram))

.text           0x00000000     0x3720
 CREATE_OBJECT_SYMBOLS
                0x00000000                __cs3_region_start_rom = .
 *(.cs3.region-head.rom)
                0x00000000                __cs3_interrupt_vector = __cs3_interrupt_vector_cortex_m
 *(.cs3.interrupt_vector)
 .cs3.interrupt_vector
                0x00000000       0xcc /opt/york/cs/net/bin/../lpc1700-cmsis-lite-2011.01.26-i686-1/lib/startup_LPC17xx.o
                0x00000000                __cs3_interrupt_vector_cortex_m
                0x00000001                ASSERT ((. != __cs3_interrupt_vector_cortex_m), No interrupt vector)
 *(.rom)
 *(.rom.b)
                0x000000cc                __cs3_reset = __cs3_reset_cortex_m
 *(.cs3.reset)
 .cs3.reset     0x000000cc       0x10 /opt/york/cs/net/bin/../lpc1700-cmsis-lite-2011.01.26-i686-1/lib/startup_LPC17xx.o
                0x000000cc                __cs3_reset_cortex_m
                0x00000001                ASSERT ((. != __cs3_reset), No reset code)
 *(.text .text.* .gnu.linkonce.t.*)
 .text          0x000000dc        0x0 /opt/york/cs/net/sourcery-g++-lite-arm-eabi-2010.09.51-i686-1/bin/../lib/gcc/arm-none-eabi/4.5.1/thumb2/crti.o
 .text          0x000000dc       0x30 /opt/york/cs/net/sourcery-g++-lite-arm-eabi-2010.09.51-i686-1/bin/../lib/gcc/arm-none-eabi/4.5.1/thumb2/crtbegin.o
 .text          0x0000010c        0x0 DevelopmentController.o
 .text.setupI2C
                0x0000010c       0x70 DevelopmentController.o
                0x0000010c                setupI2C
 .text.bufferToChar
                0x0000017c      0x120 DevelopmentController.o
                0x0000017c                bufferToChar
 .text.enableColumn
                0x0000029c       0xbc DevelopmentController.o
                0x0000029c                enableColumn
 .text.listenForKey
                0x00000358       0xf8 DevelopmentController.o
                0x00000358                listenForKey
 .text.getKeyPressed
                0x00000450       0x18 DevelopmentController.o
                0x00000450                getKeyPressed
 .text.listenForMenu
                0x00000468      0x124 DevelopmentController.o
                0x00000468                listenForMenu
 .text.setLastKey
                0x0000058c       0x20 DevelopmentController.o
                0x0000058c                setLastKey
 .text.isLastKeyPressed
                0x000005ac       0x34 DevelopmentController.o
                0x000005ac                isLastKeyPressed
 .text.SetupScreen
                0x000005e0       0x7c DevelopmentController.o
                0x000005e0                SetupScreen
 .text.clearScreen
                0x0000065c       0xac DevelopmentController.o
                0x0000065c                clearScreen
 .text.showScreen
                0x00000708       0x84 DevelopmentController.o
                0x00000708                showScreen
 .text.gatherScreenData
                0x0000078c       0x14 DevelopmentController.o
                0x0000078c                gatherScreenData
 .text.screenPause
                0x000007a0       0x50 DevelopmentController.o
                0x000007a0                screenPause
 .text.mainScreen
                0x000007f0       0x78 DevelopmentController.o
                0x000007f0                mainScreen
 .text.chooseModeScreen
                0x00000868       0x88 DevelopmentController.o
                0x00000868                chooseModeScreen
 .text.chooseFilter
                0x000008f0      0x338 DevelopmentController.o
                0x000008f0                chooseFilter
 .text.ScreenController
                0x00000c28       0x4c DevelopmentController.o
                0x00000c28                ScreenController
 .text.main     0x00000c74       0x18 DevelopmentController.o
                0x00000c74                main
 .text          0x00000c8c        0x0 /opt/york/cs/net/bin/../lpc1700-cmsis-lite-2011.01.26-i686-1/lib/core_cm3.o
 .text          0x00000c8c        0x0 /opt/york/cs/net/bin/../lpc1700-cmsis-lite-2011.01.26-i686-1/lib/system_LPC17xx.o
 .text.SystemCoreClockUpdate
                0x00000c8c      0x228 /opt/york/cs/net/bin/../lpc1700-cmsis-lite-2011.01.26-i686-1/lib/system_LPC17xx.o
                0x00000c8c                SystemCoreClockUpdate
 .text.SystemInit
                0x00000eb4      0x240 /opt/york/cs/net/bin/../lpc1700-cmsis-lite-2011.01.26-i686-1/lib/system_LPC17xx.o
                0x00000eb4                SystemInit
 .text          0x000010f4       0x14 /opt/york/cs/net/bin/../lpc1700-cmsis-lite-2011.01.26-i686-1/lib/startup_LPC17xx.o
                0x000010f4                NMI_Handler
                0x000010f6                HardFault_Handler
                0x000010f8                MemManage_Handler
                0x000010fa                BusFault_Handler
                0x000010fc                UsageFault_Handler
                0x000010fe                SVC_Handler
                0x00001100                DebugMon_Handler
                0x00001102                PendSV_Handler
                0x00001104                SysTick_Handler
                0x00001106                TIMER2_IRQHandler
                0x00001106                RIT_IRQHandler
                0x00001106                I2C0_IRQHandler
                0x00001106                USBActivity_IRQHandler
                0x00001106                PWM1_IRQHandler
                0x00001106                I2C1_IRQHandler
                0x00001106                EINT2_IRQHandler
                0x00001106                UART1_IRQHandler
                0x00001106                EINT3_IRQHandler
                0x00001106                CANActivity_IRQHandler
                0x00001106                TIMER3_IRQHandler
                0x00001106                UART0_IRQHandler
                0x00001106                PLL0_IRQHandler
                0x00001106                CAN_IRQHandler
                0x00001106                PLL1_IRQHandler
                0x00001106                SSP0_IRQHandler
                0x00001106                I2S_IRQHandler
                0x00001106                I2C2_IRQHandler
                0x00001106                RTC_IRQHandler
                0x00001106                TIMER0_IRQHandler
                0x00001106                SPI_IRQHandler
                0x00001106                EINT1_IRQHandler
                0x00001106                TIMER1_IRQHandler
                0x00001106                UART2_IRQHandler
                0x00001106                Default_Handler
                0x00001106                ADC_IRQHandler
                0x00001106                SSP1_IRQHandler
                0x00001106                USB_IRQHandler
                0x00001106                BOD_IRQHandler
                0x00001106                WDT_IRQHandler
                0x00001106                QEI_IRQHandler
                0x00001106                EINT0_IRQHandler
                0x00001106                DMA_IRQHandler
                0x00001106                UART3_IRQHandler
                0x00001106                MCPWM_IRQHandler
                0x00001106                ENET_IRQHandler
 .text          0x00001108      0x1dc /opt/york/cs/net/sourcery-g++-lite-arm-eabi-2010.09.51-i686-1/bin/../lib/gcc/arm-none-eabi/4.5.1/../../../../arm-none-eabi/lib/thumb2/libc.a(lib_a-strcmp.o)
                0x00001108                strcmp
 .text          0x000012e4       0x30 /opt/york/cs/net/sourcery-g++-lite-arm-eabi-2010.09.51-i686-1/bin/../lib/gcc/arm-none-eabi/4.5.1/../../../../arm-none-eabi/lib/thumb2/libcs3.a(start_c.o)
                0x000012e4                __cs3_premain
 .text.cs3.init
                0x00001314       0x50 /opt/york/cs/net/sourcery-g++-lite-arm-eabi-2010.09.51-i686-1/bin/../lib/gcc/arm-none-eabi/4.5.1/../../../../arm-none-eabi/lib/thumb2/libcs3.a(start_c.o)
                0x00001314                __cs3_start_c
 .text          0x00001364        0x0 /opt/york/cs/net/sourcery-g++-lite-arm-eabi-2010.09.51-i686-1/bin/../lib/gcc/arm-none-eabi/4.5.1/../../../../arm-none-eabi/lib/thumb2/libcs3unhosted.a(unhosted-start.o)
 .text.cs3.init
                0x00001364       0x10 /opt/york/cs/net/sourcery-g++-lite-arm-eabi-2010.09.51-i686-1/bin/../lib/gcc/arm-none-eabi/4.5.1/../../../../arm-none-eabi/lib/thumb2/libcs3unhosted.a(unhosted-start.o)
                0x00001364                _start
 .text          0x00001374       0x50 /opt/york/cs/net/sourcery-g++-lite-arm-eabi-2010.09.51-i686-1/bin/../lib/gcc/arm-none-eabi/4.5.1/../../../../arm-none-eabi/lib/thumb2/libc.a(lib_a-init.o)
                0x00001374                __libc_init_array
 .text          0x000013c4        0x0 /opt/york/cs/net/bin/../lpc1700-cmsis-lite-2011.01.26-i686-1/lib/libDriversLPC17xxgnu.a(lpc17xx_gpio.o)
 .text.GPIO_GetPointer
                0x000013c4       0x7c /opt/york/cs/net/bin/../lpc1700-cmsis-lite-2011.01.26-i686-1/lib/libDriversLPC17xxgnu.a(lpc17xx_gpio.o)
 .text.FIO_HalfWordGetPointer
                0x00001440       0x7c /opt/york/cs/net/bin/../lpc1700-cmsis-lite-2011.01.26-i686-1/lib/libDriversLPC17xxgnu.a(lpc17xx_gpio.o)
 .text.FIO_ByteGetPointer
                0x000014bc       0x7c /opt/york/cs/net/bin/../lpc1700-cmsis-lite-2011.01.26-i686-1/lib/libDriversLPC17xxgnu.a(lpc17xx_gpio.o)
 .text.GPIO_SetDir
                0x00001538       0x50 /opt/york/cs/net/bin/../lpc1700-cmsis-lite-2011.01.26-i686-1/lib/libDriversLPC17xxgnu.a(lpc17xx_gpio.o)
                0x00001538                GPIO_SetDir
 .text.GPIO_SetValue
                0x00001588       0x2c /opt/york/cs/net/bin/../lpc1700-cmsis-lite-2011.01.26-i686-1/lib/libDriversLPC17xxgnu.a(lpc17xx_gpio.o)
                0x00001588                GPIO_SetValue
 .text.GPIO_ClearValue
                0x000015b4       0x2c /opt/york/cs/net/bin/../lpc1700-cmsis-lite-2011.01.26-i686-1/lib/libDriversLPC17xxgnu.a(lpc17xx_gpio.o)
                0x000015b4                GPIO_ClearValue
 .text.GPIO_ReadValue
                0x000015e0       0x30 /opt/york/cs/net/bin/../lpc1700-cmsis-lite-2011.01.26-i686-1/lib/libDriversLPC17xxgnu.a(lpc17xx_gpio.o)
                0x000015e0                GPIO_ReadValue
 .text.GPIO_IntCmd
                0x00001610       0x84 /opt/york/cs/net/bin/../lpc1700-cmsis-lite-2011.01.26-i686-1/lib/libDriversLPC17xxgnu.a(lpc17xx_gpio.o)
                0x00001610                GPIO_IntCmd
 .text.GPIO_GetIntStatus
                0x00001694       0xc0 /opt/york/cs/net/bin/../lpc1700-cmsis-lite-2011.01.26-i686-1/lib/libDriversLPC17xxgnu.a(lpc17xx_gpio.o)
                0x00001694                GPIO_GetIntStatus
 .text.GPIO_ClearInt
                0x00001754       0x40 /opt/york/cs/net/bin/../lpc1700-cmsis-lite-2011.01.26-i686-1/lib/libDriversLPC17xxgnu.a(lpc17xx_gpio.o)
                0x00001754                GPIO_ClearInt
 .text.FIO_SetDir
                0x00001794       0x28 /opt/york/cs/net/bin/../lpc1700-cmsis-lite-2011.01.26-i686-1/lib/libDriversLPC17xxgnu.a(lpc17xx_gpio.o)
                0x00001794                FIO_SetDir
 .text.FIO_SetValue
                0x000017bc       0x20 /opt/york/cs/net/bin/../lpc1700-cmsis-lite-2011.01.26-i686-1/lib/libDriversLPC17xxgnu.a(lpc17xx_gpio.o)
                0x000017bc                FIO_SetValue
 .text.FIO_ClearValue
                0x000017dc       0x20 /opt/york/cs/net/bin/../lpc1700-cmsis-lite-2011.01.26-i686-1/lib/libDriversLPC17xxgnu.a(lpc17xx_gpio.o)
                0x000017dc                FIO_ClearValue
 .text.FIO_ReadValue
                0x000017fc       0x20 /opt/york/cs/net/bin/../lpc1700-cmsis-lite-2011.01.26-i686-1/lib/libDriversLPC17xxgnu.a(lpc17xx_gpio.o)
                0x000017fc                FIO_ReadValue
 .text.FIO_IntCmd
                0x0000181c       0x28 /opt/york/cs/net/bin/../lpc1700-cmsis-lite-2011.01.26-i686-1/lib/libDriversLPC17xxgnu.a(lpc17xx_gpio.o)
                0x0000181c                FIO_IntCmd
 .text.FIO_GetIntStatus
                0x00001844       0x2c /opt/york/cs/net/bin/../lpc1700-cmsis-lite-2011.01.26-i686-1/lib/libDriversLPC17xxgnu.a(lpc17xx_gpio.o)
                0x00001844                FIO_GetIntStatus
 .text.FIO_ClearInt
                0x00001870       0x20 /opt/york/cs/net/bin/../lpc1700-cmsis-lite-2011.01.26-i686-1/lib/libDriversLPC17xxgnu.a(lpc17xx_gpio.o)
                0x00001870                FIO_ClearInt
 .text.FIO_SetMask
                0x00001890       0x50 /opt/york/cs/net/bin/../lpc1700-cmsis-lite-2011.01.26-i686-1/lib/libDriversLPC17xxgnu.a(lpc17xx_gpio.o)
                0x00001890                FIO_SetMask
 .text.FIO_HalfWordSetDir
                0x000018e0       0x9c /opt/york/cs/net/bin/../lpc1700-cmsis-lite-2011.01.26-i686-1/lib/libDriversLPC17xxgnu.a(lpc17xx_gpio.o)
                0x000018e0                FIO_HalfWordSetDir
 .text.FIO_HalfWordSetMask
                0x0000197c       0x9c /opt/york/cs/net/bin/../lpc1700-cmsis-lite-2011.01.26-i686-1/lib/libDriversLPC17xxgnu.a(lpc17xx_gpio.o)
                0x0000197c                FIO_HalfWordSetMask
 .text.FIO_HalfWordSetValue
                0x00001a18       0x40 /opt/york/cs/net/bin/../lpc1700-cmsis-lite-2011.01.26-i686-1/lib/libDriversLPC17xxgnu.a(lpc17xx_gpio.o)
                0x00001a18                FIO_HalfWordSetValue
 .text.FIO_HalfWordClearValue
                0x00001a58       0x40 /opt/york/cs/net/bin/../lpc1700-cmsis-lite-2011.01.26-i686-1/lib/libDriversLPC17xxgnu.a(lpc17xx_gpio.o)
                0x00001a58                FIO_HalfWordClearValue
 .text.FIO_HalfWordReadValue
                0x00001a98       0x44 /opt/york/cs/net/bin/../lpc1700-cmsis-lite-2011.01.26-i686-1/lib/libDriversLPC17xxgnu.a(lpc17xx_gpio.o)
                0x00001a98                FIO_HalfWordReadValue
 .text.FIO_ByteSetDir
                0x00001adc       0x70 /opt/york/cs/net/bin/../lpc1700-cmsis-lite-2011.01.26-i686-1/lib/libDriversLPC17xxgnu.a(lpc17xx_gpio.o)
                0x00001adc                FIO_ByteSetDir
 .text.FIO_ByteSetMask
                0x00001b4c       0x78 /opt/york/cs/net/bin/../lpc1700-cmsis-lite-2011.01.26-i686-1/lib/libDriversLPC17xxgnu.a(lpc17xx_gpio.o)
                0x00001b4c                FIO_ByteSetMask
 .text.FIO_ByteSetValue
                0x00001bc4       0x3c /opt/york/cs/net/bin/../lpc1700-cmsis-lite-2011.01.26-i686-1/lib/libDriversLPC17xxgnu.a(lpc17xx_gpio.o)
                0x00001bc4                FIO_ByteSetValue
 .text.FIO_ByteClearValue
                0x00001c00       0x3c /opt/york/cs/net/bin/../lpc1700-cmsis-lite-2011.01.26-i686-1/lib/libDriversLPC17xxgnu.a(lpc17xx_gpio.o)
                0x00001c00                FIO_ByteClearValue
 .text.FIO_ByteReadValue
                0x00001c3c       0x40 /opt/york/cs/net/bin/../lpc1700-cmsis-lite-2011.01.26-i686-1/lib/libDriversLPC17xxgnu.a(lpc17xx_gpio.o)
                0x00001c3c                FIO_ByteReadValue
 .text          0x00001c7c        0x0 /opt/york/cs/net/bin/../lpc1700-cmsis-lite-2011.01.26-i686-1/lib/libDriversLPC17xxgnu.a(lpc17xx_i2c.o)
 .text.NVIC_EnableIRQ
                0x00001c7c       0x38 /opt/york/cs/net/bin/../lpc1700-cmsis-lite-2011.01.26-i686-1/lib/libDriversLPC17xxgnu.a(lpc17xx_i2c.o)
 .text.NVIC_DisableIRQ
                0x00001cb4       0x3c /opt/york/cs/net/bin/../lpc1700-cmsis-lite-2011.01.26-i686-1/lib/libDriversLPC17xxgnu.a(lpc17xx_i2c.o)
 .text.I2C_getNum
                0x00001cf0       0x54 /opt/york/cs/net/bin/../lpc1700-cmsis-lite-2011.01.26-i686-1/lib/libDriversLPC17xxgnu.a(lpc17xx_i2c.o)
 .text.I2C_Start
                0x00001d44       0x44 /opt/york/cs/net/bin/../lpc1700-cmsis-lite-2011.01.26-i686-1/lib/libDriversLPC17xxgnu.a(lpc17xx_i2c.o)
 .text.I2C_Stop
                0x00001d88       0x38 /opt/york/cs/net/bin/../lpc1700-cmsis-lite-2011.01.26-i686-1/lib/libDriversLPC17xxgnu.a(lpc17xx_i2c.o)
 .text.I2C_SendByte
                0x00001dc0       0x50 /opt/york/cs/net/bin/../lpc1700-cmsis-lite-2011.01.26-i686-1/lib/libDriversLPC17xxgnu.a(lpc17xx_i2c.o)
 .text.I2C_GetByte
                0x00001e10       0x5c /opt/york/cs/net/bin/../lpc1700-cmsis-lite-2011.01.26-i686-1/lib/libDriversLPC17xxgnu.a(lpc17xx_i2c.o)
 .text.I2C_SetClock
                0x00001e6c       0xc8 /opt/york/cs/net/bin/../lpc1700-cmsis-lite-2011.01.26-i686-1/lib/libDriversLPC17xxgnu.a(lpc17xx_i2c.o)
 .text.I2C_Init
                0x00001f34       0xd8 /opt/york/cs/net/bin/../lpc1700-cmsis-lite-2011.01.26-i686-1/lib/libDriversLPC17xxgnu.a(lpc17xx_i2c.o)
                0x00001f34                I2C_Init
 .text.I2C_DeInit
                0x0000200c       0xa4 /opt/york/cs/net/bin/../lpc1700-cmsis-lite-2011.01.26-i686-1/lib/libDriversLPC17xxgnu.a(lpc17xx_i2c.o)
                0x0000200c                I2C_DeInit
 .text.I2C_Cmd  0x000020b0       0x84 /opt/york/cs/net/bin/../lpc1700-cmsis-lite-2011.01.26-i686-1/lib/libDriversLPC17xxgnu.a(lpc17xx_i2c.o)
                0x000020b0                I2C_Cmd
 .text.I2C_IntCmd
                0x00002134       0xa8 /opt/york/cs/net/bin/../lpc1700-cmsis-lite-2011.01.26-i686-1/lib/libDriversLPC17xxgnu.a(lpc17xx_i2c.o)
                0x00002134                I2C_IntCmd
 .text.I2C_MasterHandler
                0x000021dc      0x3d8 /opt/york/cs/net/bin/../lpc1700-cmsis-lite-2011.01.26-i686-1/lib/libDriversLPC17xxgnu.a(lpc17xx_i2c.o)
                0x000021dc                I2C_MasterHandler
 .text.I2C_SlaveHandler
                0x000025b4      0x1d8 /opt/york/cs/net/bin/../lpc1700-cmsis-lite-2011.01.26-i686-1/lib/libDriversLPC17xxgnu.a(lpc17xx_i2c.o)
                0x000025b4                I2C_SlaveHandler
 .text.I2C_MasterTransferData
                0x0000278c      0x33c /opt/york/cs/net/bin/../lpc1700-cmsis-lite-2011.01.26-i686-1/lib/libDriversLPC17xxgnu.a(lpc17xx_i2c.o)
                0x0000278c                I2C_MasterTransferData
 .text.I2C_SlaveTransferData
                0x00002ac8      0x268 /opt/york/cs/net/bin/../lpc1700-cmsis-lite-2011.01.26-i686-1/lib/libDriversLPC17xxgnu.a(lpc17xx_i2c.o)
                0x00002ac8                I2C_SlaveTransferData
 .text.I2C_SetOwnSlaveAddr
                0x00002d30      0x118 /opt/york/cs/net/bin/../lpc1700-cmsis-lite-2011.01.26-i686-1/lib/libDriversLPC17xxgnu.a(lpc17xx_i2c.o)
                0x00002d30                I2C_SetOwnSlaveAddr
 .text.I2C_MonitorModeConfig
                0x00002e48       0x9c /opt/york/cs/net/bin/../lpc1700-cmsis-lite-2011.01.26-i686-1/lib/libDriversLPC17xxgnu.a(lpc17xx_i2c.o)
                0x00002e48                I2C_MonitorModeConfig
 .text.I2C_MonitorModeCmd
                0x00002ee4       0xb0 /opt/york/cs/net/bin/../lpc1700-cmsis-lite-2011.01.26-i686-1/lib/libDriversLPC17xxgnu.a(lpc17xx_i2c.o)
                0x00002ee4                I2C_MonitorModeCmd
 .text.I2C_MonitorGetDatabuffer
                0x00002f94       0x54 /opt/york/cs/net/bin/../lpc1700-cmsis-lite-2011.01.26-i686-1/lib/libDriversLPC17xxgnu.a(lpc17xx_i2c.o)
                0x00002f94                I2C_MonitorGetDatabuffer
 .text.I2C_MonitorHandler
                0x00002fe8       0x6c /opt/york/cs/net/bin/../lpc1700-cmsis-lite-2011.01.26-i686-1/lib/libDriversLPC17xxgnu.a(lpc17xx_i2c.o)
                0x00002fe8                I2C_MonitorHandler
 .text.I2C_MasterTransferComplete
                0x00003054       0x40 /opt/york/cs/net/bin/../lpc1700-cmsis-lite-2011.01.26-i686-1/lib/libDriversLPC17xxgnu.a(lpc17xx_i2c.o)
                0x00003054                I2C_MasterTransferComplete
 .text.I2C_SlaveTransferComplete
                0x00003094       0x40 /opt/york/cs/net/bin/../lpc1700-cmsis-lite-2011.01.26-i686-1/lib/libDriversLPC17xxgnu.a(lpc17xx_i2c.o)
                0x00003094                I2C_SlaveTransferComplete
 .text          0x000030d4        0x0 /opt/york/cs/net/bin/../lpc1700-cmsis-lite-2011.01.26-i686-1/lib/libDriversLPC17xxgnu.a(lpc17xx_libcfg_default.o)
 .text.check_failed
                0x000030d4        0xc /opt/york/cs/net/bin/../lpc1700-cmsis-lite-2011.01.26-i686-1/lib/libDriversLPC17xxgnu.a(lpc17xx_libcfg_default.o)
                0x000030d4                check_failed
 .text          0x000030e0        0x0 /opt/york/cs/net/bin/../lpc1700-cmsis-lite-2011.01.26-i686-1/lib/libDriversLPC17xxgnu.a(lpc17xx_pinsel.o)
 .text.set_PinFunc
                0x000030e0       0xa0 /opt/york/cs/net/bin/../lpc1700-cmsis-lite-2011.01.26-i686-1/lib/libDriversLPC17xxgnu.a(lpc17xx_pinsel.o)
 .text.set_ResistorMode
                0x00003180       0xa0 /opt/york/cs/net/bin/../lpc1700-cmsis-lite-2011.01.26-i686-1/lib/libDriversLPC17xxgnu.a(lpc17xx_pinsel.o)
 .text.set_OpenDrainMode
                0x00003220       0x80 /opt/york/cs/net/bin/../lpc1700-cmsis-lite-2011.01.26-i686-1/lib/libDriversLPC17xxgnu.a(lpc17xx_pinsel.o)
 .text.PINSEL_ConfigTraceFunc
                0x000032a0       0x54 /opt/york/cs/net/bin/../lpc1700-cmsis-lite-2011.01.26-i686-1/lib/libDriversLPC17xxgnu.a(lpc17xx_pinsel.o)
                0x000032a0                PINSEL_ConfigTraceFunc
 .text.PINSEL_SetI2C0Pins
                0x000032f4       0x3c /opt/york/cs/net/bin/../lpc1700-cmsis-lite-2011.01.26-i686-1/lib/libDriversLPC17xxgnu.a(lpc17xx_pinsel.o)
                0x000032f4                PINSEL_SetI2C0Pins
 .text.PINSEL_ConfigPin
                0x00003330       0x54 /opt/york/cs/net/bin/../lpc1700-cmsis-lite-2011.01.26-i686-1/lib/libDriversLPC17xxgnu.a(lpc17xx_pinsel.o)
                0x00003330                PINSEL_ConfigPin
 .text          0x00003384        0x0 /opt/york/cs/net/bin/../lpc1700-cmsis-lite-2011.01.26-i686-1/lib/libDriversLPC17xxgnu.a(lpc17xx_clkpwr.o)
 .text.CLKPWR_SetPCLKDiv
                0x00003384       0xd4 /opt/york/cs/net/bin/../lpc1700-cmsis-lite-2011.01.26-i686-1/lib/libDriversLPC17xxgnu.a(lpc17xx_clkpwr.o)
                0x00003384                CLKPWR_SetPCLKDiv
 .text.CLKPWR_GetPCLKSEL
                0x00003458       0x54 /opt/york/cs/net/bin/../lpc1700-cmsis-lite-2011.01.26-i686-1/lib/libDriversLPC17xxgnu.a(lpc17xx_clkpwr.o)
                0x00003458                CLKPWR_GetPCLKSEL
 .text.CLKPWR_GetPCLK
                0x000034ac       0x70 /opt/york/cs/net/bin/../lpc1700-cmsis-lite-2011.01.26-i686-1/lib/libDriversLPC17xxgnu.a(lpc17xx_clkpwr.o)
                0x000034ac                CLKPWR_GetPCLK
 .text.CLKPWR_ConfigPPWR
                0x0000351c       0x80 /opt/york/cs/net/bin/../lpc1700-cmsis-lite-2011.01.26-i686-1/lib/libDriversLPC17xxgnu.a(lpc17xx_clkpwr.o)
                0x0000351c                CLKPWR_ConfigPPWR
 .text.CLKPWR_Sleep
                0x0000359c       0x1c /opt/york/cs/net/bin/../lpc1700-cmsis-lite-2011.01.26-i686-1/lib/libDriversLPC17xxgnu.a(lpc17xx_clkpwr.o)
                0x0000359c                CLKPWR_Sleep
 .text.CLKPWR_DeepSleep
                0x000035b8       0x2c /opt/york/cs/net/bin/../lpc1700-cmsis-lite-2011.01.26-i686-1/lib/libDriversLPC17xxgnu.a(lpc17xx_clkpwr.o)
                0x000035b8                CLKPWR_DeepSleep
 .text.CLKPWR_PowerDown
                0x000035e4       0x2c /opt/york/cs/net/bin/../lpc1700-cmsis-lite-2011.01.26-i686-1/lib/libDriversLPC17xxgnu.a(lpc17xx_clkpwr.o)
                0x000035e4                CLKPWR_PowerDown
 .text.CLKPWR_DeepPowerDown
                0x00003610       0x2c /opt/york/cs/net/bin/../lpc1700-cmsis-lite-2011.01.26-i686-1/lib/libDriversLPC17xxgnu.a(lpc17xx_clkpwr.o)
                0x00003610                CLKPWR_DeepPowerDown
 .text          0x0000363c        0x0 /opt/york/cs/net/sourcery-g++-lite-arm-eabi-2010.09.51-i686-1/bin/../lib/gcc/arm-none-eabi/4.5.1/thumb2/crtend.o
 .text          0x0000363c        0x0 /opt/york/cs/net/sourcery-g++-lite-arm-eabi-2010.09.51-i686-1/bin/../lib/gcc/arm-none-eabi/4.5.1/thumb2/crtn.o
 *(.plt)
 *(.gnu.warning)
 *(.glue_7t)
 .glue_7t       0x00000000        0x0 linker stubs
 *(.glue_7)
 .glue_7        0x00000000        0x0 linker stubs
 *(.vfp11_veneer)
 .vfp11_veneer  0x00000000        0x0 linker stubs
 *(.rodata .rodata.* .gnu.linkonce.r.*)
 .rodata        0x0000363c       0x44 DevelopmentController.o
 .rodata.C.0.4949
                0x00003680        0x4 DevelopmentController.o
 .rodata.C.1.4950
                0x00003684       0x24 DevelopmentController.o
 .rodata.C.2.4956
                0x000036a8        0x4 DevelopmentController.o
 .rodata.C.3.4957
                0x000036ac       0x24 DevelopmentController.o
 .rodata.C.8.4970
                0x000036d0        0xc DevelopmentController.o
 .rodata        0x000036dc       0x10 /opt/york/cs/net/bin/../lpc1700-cmsis-lite-2011.01.26-i686-1/lib/libDriversLPC17xxgnu.a(lpc17xx_i2c.o)
 *(.ARM.extab* .gnu.linkonce.armextab.*)
 .ARM.extab.cs3.reset
                0x000036ec        0x0 /opt/york/cs/net/bin/../lpc1700-cmsis-lite-2011.01.26-i686-1/lib/startup_LPC17xx.o
 *(.gcc_except_table)
 *(.eh_frame_hdr)
 *(.eh_frame)
                0x000036ec                . = ALIGN (0x4)
 *(.init)
 .init          0x000036ec        0x4 /opt/york/cs/net/sourcery-g++-lite-arm-eabi-2010.09.51-i686-1/bin/../lib/gcc/arm-none-eabi/4.5.1/thumb2/crti.o
                0x000036ec                _init
 .init          0x000036f0        0x8 /opt/york/cs/net/sourcery-g++-lite-arm-eabi-2010.09.51-i686-1/bin/../lib/gcc/arm-none-eabi/4.5.1/thumb2/crtn.o
                0x000036f8                . = ALIGN (0x4)
                0x000036f8                __preinit_array_start = .
 *(.preinit_array)
                0x000036f8                __preinit_array_end = .
                0x000036f8                . = ALIGN (0x4)
                0x000036f8                __init_array_start = .
 *(SORT(.init_array.*))
 *(.init_array)
 .init_array    0x000036f8        0x4 /opt/york/cs/net/sourcery-g++-lite-arm-eabi-2010.09.51-i686-1/bin/../lib/gcc/arm-none-eabi/4.5.1/thumb2/crtbegin.o
                0x000036fc                __init_array_end = .
                0x000036fc                . = ALIGN (0x4)
 *crtbegin.o(.ctors)
 *(EXCLUDE_FILE(*crtend.o) .ctors)
 *(SORT(.ctors.*))
 *crtend.o(.ctors)
                0x000036fc                . = ALIGN (0x4)
 *(.fini)
 .fini          0x000036fc        0x4 /opt/york/cs/net/sourcery-g++-lite-arm-eabi-2010.09.51-i686-1/bin/../lib/gcc/arm-none-eabi/4.5.1/thumb2/crti.o
                0x000036fc                _fini
 .fini          0x00003700        0x8 /opt/york/cs/net/sourcery-g++-lite-arm-eabi-2010.09.51-i686-1/bin/../lib/gcc/arm-none-eabi/4.5.1/thumb2/crtn.o
                0x00003708                . = ALIGN (0x4)
                0x00003708                __fini_array_start = .
 *(.fini_array)
 .fini_array    0x00003708        0x4 /opt/york/cs/net/sourcery-g++-lite-arm-eabi-2010.09.51-i686-1/bin/../lib/gcc/arm-none-eabi/4.5.1/thumb2/crtbegin.o
 *(SORT(.fini_array.*))
                0x0000370c                __fini_array_end = .
 *crtbegin.o(.dtors)
 *(EXCLUDE_FILE(*crtend.o) .dtors)
 *(SORT(.dtors.*))
 *crtend.o(.dtors)
                0x0000370c                . = ALIGN (0x4)
                0x0000370c                __cs3_regions = .
                0x0000370c        0x4 LONG 0x0
                0x00003710        0x4 LONG 0x3728 __cs3_region_init_ram
                0x00003714        0x4 LONG 0x10000000 __cs3_region_start_ram
                0x00003718        0x4 LONG 0x18 __cs3_region_init_size_ram
                0x0000371c        0x4 LONG 0xb0 __cs3_region_zero_size_ram
                0x00003720                __exidx_start = .

.v4_bx          0x00003720        0x0
 .v4_bx         0x00000000        0x0 linker stubs

.ARM.exidx      0x00003720        0x8
 *(.ARM.exidx* .gnu.linkonce.armexidx.*)
 .ARM.exidx.cs3.reset
                0x00003720        0x8 /opt/york/cs/net/bin/../lpc1700-cmsis-lite-2011.01.26-i686-1/lib/startup_LPC17xx.o
                0x00003728                __exidx_end = .

.text.align     0x00003728        0x0
                0x00003728                . = ALIGN (0x8)
                0x00003728                _etext = .
                0x00080000                __cs3_region_size_rom = 0x80000
                0x00000001                __cs3_region_num = 0x1

.data           0x10000000       0x18 load address 0x00003728
                0x10000000                __cs3_region_start_ram = .
 *(.cs3.region-head.ram)
 *(.jcr)
 .jcr           0x10000000        0x0 /opt/york/cs/net/sourcery-g++-lite-arm-eabi-2010.09.51-i686-1/bin/../lib/gcc/arm-none-eabi/4.5.1/thumb2/crtbegin.o
 .jcr           0x10000000        0x4 /opt/york/cs/net/sourcery-g++-lite-arm-eabi-2010.09.51-i686-1/bin/../lib/gcc/arm-none-eabi/4.5.1/thumb2/crtend.o
 *(.got.plt)
 *(.got)
 *(.shdata)
 *(.data .data.* .gnu.linkonce.d.*)
 .data          0x10000004        0x0 /opt/york/cs/net/sourcery-g++-lite-arm-eabi-2010.09.51-i686-1/bin/../lib/gcc/arm-none-eabi/4.5.1/thumb2/crti.o
 .data          0x10000004        0x4 /opt/york/cs/net/sourcery-g++-lite-arm-eabi-2010.09.51-i686-1/bin/../lib/gcc/arm-none-eabi/4.5.1/thumb2/crtbegin.o
                0x10000004                __dso_handle
 .data          0x10000008        0x0 DevelopmentController.o
 .data.I2C      0x10000008        0x4 DevelopmentController.o
                0x10000008                I2C
 .data.lastKeyPressed
                0x1000000c        0x4 DevelopmentController.o
                0x1000000c                lastKeyPressed
 .data.setHigh  0x10000010        0x4 DevelopmentController.o
                0x10000010                setHigh
 .data          0x10000014        0x0 /opt/york/cs/net/bin/../lpc1700-cmsis-lite-2011.01.26-i686-1/lib/core_cm3.o
 .data          0x10000014        0x0 /opt/york/cs/net/bin/../lpc1700-cmsis-lite-2011.01.26-i686-1/lib/system_LPC17xx.o
 .data.SystemCoreClock
                0x10000014        0x4 /opt/york/cs/net/bin/../lpc1700-cmsis-lite-2011.01.26-i686-1/lib/system_LPC17xx.o
                0x10000014                SystemCoreClock
 .data          0x10000018        0x0 /opt/york/cs/net/bin/../lpc1700-cmsis-lite-2011.01.26-i686-1/lib/startup_LPC17xx.o
 .data          0x10000018        0x0 /opt/york/cs/net/sourcery-g++-lite-arm-eabi-2010.09.51-i686-1/bin/../lib/gcc/arm-none-eabi/4.5.1/../../../../arm-none-eabi/lib/thumb2/libc.a(lib_a-strcmp.o)
 .data          0x10000018        0x0 /opt/york/cs/net/sourcery-g++-lite-arm-eabi-2010.09.51-i686-1/bin/../lib/gcc/arm-none-eabi/4.5.1/../../../../arm-none-eabi/lib/thumb2/libcs3.a(start_c.o)
 .data          0x10000018        0x0 /opt/york/cs/net/sourcery-g++-lite-arm-eabi-2010.09.51-i686-1/bin/../lib/gcc/arm-none-eabi/4.5.1/../../../../arm-none-eabi/lib/thumb2/libcs3unhosted.a(unhosted-start.o)
 .data          0x10000018        0x0 /opt/york/cs/net/sourcery-g++-lite-arm-eabi-2010.09.51-i686-1/bin/../lib/gcc/arm-none-eabi/4.5.1/../../../../arm-none-eabi/lib/thumb2/libc.a(lib_a-init.o)
 .data          0x10000018        0x0 /opt/york/cs/net/bin/../lpc1700-cmsis-lite-2011.01.26-i686-1/lib/libDriversLPC17xxgnu.a(lpc17xx_gpio.o)
 .data          0x10000018        0x0 /opt/york/cs/net/bin/../lpc1700-cmsis-lite-2011.01.26-i686-1/lib/libDriversLPC17xxgnu.a(lpc17xx_i2c.o)
 .data          0x10000018        0x0 /opt/york/cs/net/bin/../lpc1700-cmsis-lite-2011.01.26-i686-1/lib/libDriversLPC17xxgnu.a(lpc17xx_libcfg_default.o)
 .data          0x10000018        0x0 /opt/york/cs/net/bin/../lpc1700-cmsis-lite-2011.01.26-i686-1/lib/libDriversLPC17xxgnu.a(lpc17xx_pinsel.o)
 .data          0x10000018        0x0 /opt/york/cs/net/bin/../lpc1700-cmsis-lite-2011.01.26-i686-1/lib/libDriversLPC17xxgnu.a(lpc17xx_clkpwr.o)
 .data          0x10000018        0x0 /opt/york/cs/net/sourcery-g++-lite-arm-eabi-2010.09.51-i686-1/bin/../lib/gcc/arm-none-eabi/4.5.1/thumb2/crtend.o
 .data          0x10000018        0x0 /opt/york/cs/net/sourcery-g++-lite-arm-eabi-2010.09.51-i686-1/bin/../lib/gcc/arm-none-eabi/4.5.1/thumb2/crtn.o
 *(.ram)
                0x10000018                . = ALIGN (0x8)
                0x10000018                _edata = .

.bss            0x10000018       0xb0 load address 0x00003740
 *(.shbss)
 *(.bss .bss.* .gnu.linkonce.b.*)
 .bss           0x10000018        0x0 /opt/york/cs/net/sourcery-g++-lite-arm-eabi-2010.09.51-i686-1/bin/../lib/gcc/arm-none-eabi/4.5.1/thumb2/crti.o
 .bss           0x10000018        0x1 /opt/york/cs/net/sourcery-g++-lite-arm-eabi-2010.09.51-i686-1/bin/../lib/gcc/arm-none-eabi/4.5.1/thumb2/crtbegin.o
 .bss           0x10000019        0x0 DevelopmentController.o
 .bss           0x10000019        0x0 /opt/york/cs/net/bin/../lpc1700-cmsis-lite-2011.01.26-i686-1/lib/core_cm3.o
 .bss           0x10000019        0x0 /opt/york/cs/net/bin/../lpc1700-cmsis-lite-2011.01.26-i686-1/lib/system_LPC17xx.o
 .bss           0x10000019        0x0 /opt/york/cs/net/bin/../lpc1700-cmsis-lite-2011.01.26-i686-1/lib/startup_LPC17xx.o
 .bss           0x10000019        0x0 /opt/york/cs/net/sourcery-g++-lite-arm-eabi-2010.09.51-i686-1/bin/../lib/gcc/arm-none-eabi/4.5.1/../../../../arm-none-eabi/lib/thumb2/libc.a(lib_a-strcmp.o)
 .bss           0x10000019        0x0 /opt/york/cs/net/sourcery-g++-lite-arm-eabi-2010.09.51-i686-1/bin/../lib/gcc/arm-none-eabi/4.5.1/../../../../arm-none-eabi/lib/thumb2/libcs3.a(start_c.o)
 .bss           0x10000019        0x0 /opt/york/cs/net/sourcery-g++-lite-arm-eabi-2010.09.51-i686-1/bin/../lib/gcc/arm-none-eabi/4.5.1/../../../../arm-none-eabi/lib/thumb2/libcs3unhosted.a(unhosted-start.o)
 .bss           0x10000019        0x0 /opt/york/cs/net/sourcery-g++-lite-arm-eabi-2010.09.51-i686-1/bin/../lib/gcc/arm-none-eabi/4.5.1/../../../../arm-none-eabi/lib/thumb2/libc.a(lib_a-init.o)
 .bss           0x10000019        0x0 /opt/york/cs/net/bin/../lpc1700-cmsis-lite-2011.01.26-i686-1/lib/libDriversLPC17xxgnu.a(lpc17xx_gpio.o)
 .bss           0x10000019        0x0 /opt/york/cs/net/bin/../lpc1700-cmsis-lite-2011.01.26-i686-1/lib/libDriversLPC17xxgnu.a(lpc17xx_i2c.o)
 *fill*         0x10000019        0x3 00
 .bss.i2cdat    0x1000001c       0x18 /opt/york/cs/net/bin/../lpc1700-cmsis-lite-2011.01.26-i686-1/lib/libDriversLPC17xxgnu.a(lpc17xx_i2c.o)
 .bss.I2C_MasterComplete
                0x10000034        0xc /opt/york/cs/net/bin/../lpc1700-cmsis-lite-2011.01.26-i686-1/lib/libDriversLPC17xxgnu.a(lpc17xx_i2c.o)
 .bss.I2C_SlaveComplete
                0x10000040        0xc /opt/york/cs/net/bin/../lpc1700-cmsis-lite-2011.01.26-i686-1/lib/libDriversLPC17xxgnu.a(lpc17xx_i2c.o)
 .bss.I2C_MonitorBufferIndex
                0x1000004c        0x4 /opt/york/cs/net/bin/../lpc1700-cmsis-lite-2011.01.26-i686-1/lib/libDriversLPC17xxgnu.a(lpc17xx_i2c.o)
 .bss           0x10000050        0x0 /opt/york/cs/net/bin/../lpc1700-cmsis-lite-2011.01.26-i686-1/lib/libDriversLPC17xxgnu.a(lpc17xx_libcfg_default.o)
 .bss           0x10000050        0x0 /opt/york/cs/net/bin/../lpc1700-cmsis-lite-2011.01.26-i686-1/lib/libDriversLPC17xxgnu.a(lpc17xx_pinsel.o)
 .bss           0x10000050        0x0 /opt/york/cs/net/bin/../lpc1700-cmsis-lite-2011.01.26-i686-1/lib/libDriversLPC17xxgnu.a(lpc17xx_clkpwr.o)
 .bss           0x10000050        0x0 /opt/york/cs/net/sourcery-g++-lite-arm-eabi-2010.09.51-i686-1/bin/../lib/gcc/arm-none-eabi/4.5.1/thumb2/crtend.o
 .bss           0x10000050        0x0 /opt/york/cs/net/sourcery-g++-lite-arm-eabi-2010.09.51-i686-1/bin/../lib/gcc/arm-none-eabi/4.5.1/thumb2/crtn.o
 *(COMMON)
 COMMON         0x10000050       0x78 DevelopmentController.o
                0x10000050                ScreenTransferConfig
                0x1000007c                output
                0x1000009c                KeypadTransferConfig
 *(.ram.b)
                0x100000c8                . = ALIGN (0x8)
                0x100000c8                _end = .
                0x100000c8                __end = .

.usb_ram
 *.o(USB_RAM)

.heap           0x100000c8     0x1000
 *(.heap)
 .heap          0x100000c8     0x1000 /opt/york/cs/net/bin/../lpc1700-cmsis-lite-2011.01.26-i686-1/lib/startup_LPC17xx.o
                0x100000c8                __cs3_heap_start
                0x100010c8                __cs3_heap_end

.stack          0x10007f00      0x100
 *(.stack)
 .stack         0x10007f00      0x100 /opt/york/cs/net/bin/../lpc1700-cmsis-lite-2011.01.26-i686-1/lib/startup_LPC17xx.o
                0x10007f00                __cs3_stack_mem
                0x10008000                _estack = .
                0x10008000                PROVIDE (estack, .)
                0x00003728                __cs3_region_init_ram = LOADADDR (.data)
                0x00000018                __cs3_region_init_size_ram = (_edata - __cs3_region_start_ram)
                0x000000b0                __cs3_region_zero_size_ram = (_end - _edata)
                0x00008000                __cs3_region_size_ram = 0x8000
                0x00000001                __cs3_region_num = 0x1

.stab
 *(.stab)

.stabstr
 *(.stabstr)

.debug
 *(.debug)

.line
 *(.line)

.debug_srcinfo
 *(.debug_srcinfo)

.debug_sfnames
 *(.debug_sfnames)

.comment        0x00000000       0x2a
 .comment       0x00000000       0x2a DevelopmentController.o
                                 0x2b (size before relaxing)
 .comment       0x00000000       0x2b /opt/york/cs/net/bin/../lpc1700-cmsis-lite-2011.01.26-i686-1/lib/core_cm3.o
 .comment       0x00000000       0x2b /opt/york/cs/net/bin/../lpc1700-cmsis-lite-2011.01.26-i686-1/lib/system_LPC17xx.o
 .comment       0x00000000       0x2b /opt/york/cs/net/bin/../lpc1700-cmsis-lite-2011.01.26-i686-1/lib/libDriversLPC17xxgnu.a(lpc17xx_gpio.o)
 .comment       0x00000000       0x2b /opt/york/cs/net/bin/../lpc1700-cmsis-lite-2011.01.26-i686-1/lib/libDriversLPC17xxgnu.a(lpc17xx_i2c.o)
 .comment       0x00000000       0x2b /opt/york/cs/net/bin/../lpc1700-cmsis-lite-2011.01.26-i686-1/lib/libDriversLPC17xxgnu.a(lpc17xx_libcfg_default.o)
 .comment       0x00000000       0x2b /opt/york/cs/net/bin/../lpc1700-cmsis-lite-2011.01.26-i686-1/lib/libDriversLPC17xxgnu.a(lpc17xx_pinsel.o)
 .comment       0x00000000       0x2b /opt/york/cs/net/bin/../lpc1700-cmsis-lite-2011.01.26-i686-1/lib/libDriversLPC17xxgnu.a(lpc17xx_clkpwr.o)

.debug_aranges  0x00000000      0x380
 *(.debug_aranges)
 .debug_aranges
                0x00000000       0xa8 DevelopmentController.o
 .debug_aranges
                0x000000a8       0x28 /opt/york/cs/net/bin/../lpc1700-cmsis-lite-2011.01.26-i686-1/lib/system_LPC17xx.o
 .debug_aranges
                0x000000d0       0x28 /opt/york/cs/net/bin/../lpc1700-cmsis-lite-2011.01.26-i686-1/lib/startup_LPC17xx.o
 .debug_aranges
                0x000000f8       0xf8 /opt/york/cs/net/bin/../lpc1700-cmsis-lite-2011.01.26-i686-1/lib/libDriversLPC17xxgnu.a(lpc17xx_gpio.o)
 .debug_aranges
                0x000001f0       0xd0 /opt/york/cs/net/bin/../lpc1700-cmsis-lite-2011.01.26-i686-1/lib/libDriversLPC17xxgnu.a(lpc17xx_i2c.o)
 .debug_aranges
                0x000002c0       0x20 /opt/york/cs/net/bin/../lpc1700-cmsis-lite-2011.01.26-i686-1/lib/libDriversLPC17xxgnu.a(lpc17xx_libcfg_default.o)
 .debug_aranges
                0x000002e0       0x48 /opt/york/cs/net/bin/../lpc1700-cmsis-lite-2011.01.26-i686-1/lib/libDriversLPC17xxgnu.a(lpc17xx_pinsel.o)
 .debug_aranges
                0x00000328       0x58 /opt/york/cs/net/bin/../lpc1700-cmsis-lite-2011.01.26-i686-1/lib/libDriversLPC17xxgnu.a(lpc17xx_clkpwr.o)

.debug_pubnames
                0x00000000      0x691
 *(.debug_pubnames)
 .debug_pubnames
                0x00000000      0x1a5 DevelopmentController.o
 .debug_pubnames
                0x000001a5       0x4f /opt/york/cs/net/bin/../lpc1700-cmsis-lite-2011.01.26-i686-1/lib/system_LPC17xx.o
 .debug_pubnames
                0x000001f4      0x203 /opt/york/cs/net/bin/../lpc1700-cmsis-lite-2011.01.26-i686-1/lib/libDriversLPC17xxgnu.a(lpc17xx_gpio.o)
 .debug_pubnames
                0x000003f7      0x163 /opt/york/cs/net/bin/../lpc1700-cmsis-lite-2011.01.26-i686-1/lib/libDriversLPC17xxgnu.a(lpc17xx_i2c.o)
 .debug_pubnames
                0x0000055a       0x23 /opt/york/cs/net/bin/../lpc1700-cmsis-lite-2011.01.26-i686-1/lib/libDriversLPC17xxgnu.a(lpc17xx_libcfg_default.o)
 .debug_pubnames
                0x0000057d       0x59 /opt/york/cs/net/bin/../lpc1700-cmsis-lite-2011.01.26-i686-1/lib/libDriversLPC17xxgnu.a(lpc17xx_pinsel.o)
 .debug_pubnames
                0x000005d6       0xbb /opt/york/cs/net/bin/../lpc1700-cmsis-lite-2011.01.26-i686-1/lib/libDriversLPC17xxgnu.a(lpc17xx_clkpwr.o)

.debug_info     0x00000000     0x3620
 *(.debug_info .gnu.linkonce.wi.*)
 .debug_info    0x00000000      0x7d6 DevelopmentController.o
 .debug_info    0x000007d6       0x68 /opt/york/cs/net/bin/../lpc1700-cmsis-lite-2011.01.26-i686-1/lib/core_cm3.o
 .debug_info    0x0000083e      0x509 /opt/york/cs/net/bin/../lpc1700-cmsis-lite-2011.01.26-i686-1/lib/system_LPC17xx.o
 .debug_info    0x00000d47       0xc1 /opt/york/cs/net/bin/../lpc1700-cmsis-lite-2011.01.26-i686-1/lib/startup_LPC17xx.o
 .debug_info    0x00000e08      0xe29 /opt/york/cs/net/bin/../lpc1700-cmsis-lite-2011.01.26-i686-1/lib/libDriversLPC17xxgnu.a(lpc17xx_gpio.o)
 .debug_info    0x00001c31      0xdac /opt/york/cs/net/bin/../lpc1700-cmsis-lite-2011.01.26-i686-1/lib/libDriversLPC17xxgnu.a(lpc17xx_i2c.o)
 .debug_info    0x000029dd       0xc9 /opt/york/cs/net/bin/../lpc1700-cmsis-lite-2011.01.26-i686-1/lib/libDriversLPC17xxgnu.a(lpc17xx_libcfg_default.o)
 .debug_info    0x00002aa6      0x4b5 /opt/york/cs/net/bin/../lpc1700-cmsis-lite-2011.01.26-i686-1/lib/libDriversLPC17xxgnu.a(lpc17xx_pinsel.o)
 .debug_info    0x00002f5b      0x6c5 /opt/york/cs/net/bin/../lpc1700-cmsis-lite-2011.01.26-i686-1/lib/libDriversLPC17xxgnu.a(lpc17xx_clkpwr.o)

.debug_abbrev   0x00000000      0xa07
 *(.debug_abbrev)
 .debug_abbrev  0x00000000      0x1d4 DevelopmentController.o
 .debug_abbrev  0x000001d4       0x28 /opt/york/cs/net/bin/../lpc1700-cmsis-lite-2011.01.26-i686-1/lib/core_cm3.o
 .debug_abbrev  0x000001fc      0x102 /opt/york/cs/net/bin/../lpc1700-cmsis-lite-2011.01.26-i686-1/lib/system_LPC17xx.o
 .debug_abbrev  0x000002fe       0x12 /opt/york/cs/net/bin/../lpc1700-cmsis-lite-2011.01.26-i686-1/lib/startup_LPC17xx.o
 .debug_abbrev  0x00000310      0x1c9 /opt/york/cs/net/bin/../lpc1700-cmsis-lite-2011.01.26-i686-1/lib/libDriversLPC17xxgnu.a(lpc17xx_gpio.o)
 .debug_abbrev  0x000004d9      0x214 /opt/york/cs/net/bin/../lpc1700-cmsis-lite-2011.01.26-i686-1/lib/libDriversLPC17xxgnu.a(lpc17xx_i2c.o)
 .debug_abbrev  0x000006ed       0x68 /opt/york/cs/net/bin/../lpc1700-cmsis-lite-2011.01.26-i686-1/lib/libDriversLPC17xxgnu.a(lpc17xx_libcfg_default.o)
 .debug_abbrev  0x00000755      0x11d /opt/york/cs/net/bin/../lpc1700-cmsis-lite-2011.01.26-i686-1/lib/libDriversLPC17xxgnu.a(lpc17xx_pinsel.o)
 .debug_abbrev  0x00000872      0x195 /opt/york/cs/net/bin/../lpc1700-cmsis-lite-2011.01.26-i686-1/lib/libDriversLPC17xxgnu.a(lpc17xx_clkpwr.o)

.debug_line     0x00000000     0x16a4
 *(.debug_line)
 .debug_line    0x00000000      0x3af DevelopmentController.o
 .debug_line    0x000003af       0x1d /opt/york/cs/net/bin/../lpc1700-cmsis-lite-2011.01.26-i686-1/lib/core_cm3.o
 .debug_line    0x000003cc      0x1e4 /opt/york/cs/net/bin/../lpc1700-cmsis-lite-2011.01.26-i686-1/lib/system_LPC17xx.o
 .debug_line    0x000005b0       0xb1 /opt/york/cs/net/bin/../lpc1700-cmsis-lite-2011.01.26-i686-1/lib/startup_LPC17xx.o
 .debug_line    0x00000661      0x449 /opt/york/cs/net/bin/../lpc1700-cmsis-lite-2011.01.26-i686-1/lib/libDriversLPC17xxgnu.a(lpc17xx_gpio.o)
 .debug_line    0x00000aaa      0x67c /opt/york/cs/net/bin/../lpc1700-cmsis-lite-2011.01.26-i686-1/lib/libDriversLPC17xxgnu.a(lpc17xx_i2c.o)
 .debug_line    0x00001126       0xc4 /opt/york/cs/net/bin/../lpc1700-cmsis-lite-2011.01.26-i686-1/lib/libDriversLPC17xxgnu.a(lpc17xx_libcfg_default.o)
 .debug_line    0x000011ea      0x220 /opt/york/cs/net/bin/../lpc1700-cmsis-lite-2011.01.26-i686-1/lib/libDriversLPC17xxgnu.a(lpc17xx_pinsel.o)
 .debug_line    0x0000140a      0x29a /opt/york/cs/net/bin/../lpc1700-cmsis-lite-2011.01.26-i686-1/lib/libDriversLPC17xxgnu.a(lpc17xx_clkpwr.o)

.debug_frame    0x00000000      0xb30
 *(.debug_frame)
 .debug_frame   0x00000000      0x240 DevelopmentController.o
 .debug_frame   0x00000240       0x40 /opt/york/cs/net/bin/../lpc1700-cmsis-lite-2011.01.26-i686-1/lib/system_LPC17xx.o
 .debug_frame   0x00000280       0x30 /opt/york/cs/net/sourcery-g++-lite-arm-eabi-2010.09.51-i686-1/bin/../lib/gcc/arm-none-eabi/4.5.1/../../../../arm-none-eabi/lib/thumb2/libc.a(lib_a-strcmp.o)
 .debug_frame   0x000002b0       0x40 /opt/york/cs/net/sourcery-g++-lite-arm-eabi-2010.09.51-i686-1/bin/../lib/gcc/arm-none-eabi/4.5.1/../../../../arm-none-eabi/lib/thumb2/libcs3.a(start_c.o)
 .debug_frame   0x000002f0       0x2c /opt/york/cs/net/sourcery-g++-lite-arm-eabi-2010.09.51-i686-1/bin/../lib/gcc/arm-none-eabi/4.5.1/../../../../arm-none-eabi/lib/thumb2/libc.a(lib_a-init.o)
 .debug_frame   0x0000031c      0x378 /opt/york/cs/net/bin/../lpc1700-cmsis-lite-2011.01.26-i686-1/lib/libDriversLPC17xxgnu.a(lpc17xx_gpio.o)
 .debug_frame   0x00000694      0x2d0 /opt/york/cs/net/bin/../lpc1700-cmsis-lite-2011.01.26-i686-1/lib/libDriversLPC17xxgnu.a(lpc17xx_i2c.o)
 .debug_frame   0x00000964       0x2c /opt/york/cs/net/bin/../lpc1700-cmsis-lite-2011.01.26-i686-1/lib/libDriversLPC17xxgnu.a(lpc17xx_libcfg_default.o)
 .debug_frame   0x00000990       0xbc /opt/york/cs/net/bin/../lpc1700-cmsis-lite-2011.01.26-i686-1/lib/libDriversLPC17xxgnu.a(lpc17xx_pinsel.o)
 .debug_frame   0x00000a4c       0xe4 /opt/york/cs/net/bin/../lpc1700-cmsis-lite-2011.01.26-i686-1/lib/libDriversLPC17xxgnu.a(lpc17xx_clkpwr.o)

.debug_str      0x00000000     0x137f
 *(.debug_str)
 .debug_str     0x00000000      0x444 DevelopmentController.o
                                0x48c (size before relaxing)
 .debug_str     0x00000444       0x42 /opt/york/cs/net/bin/../lpc1700-cmsis-lite-2011.01.26-i686-1/lib/core_cm3.o
                                 0xd2 (size before relaxing)
 .debug_str     0x00000486      0x21f /opt/york/cs/net/bin/../lpc1700-cmsis-lite-2011.01.26-i686-1/lib/system_LPC17xx.o
                                0x2d5 (size before relaxing)
 .debug_str     0x000006a5      0x467 /opt/york/cs/net/bin/../lpc1700-cmsis-lite-2011.01.26-i686-1/lib/libDriversLPC17xxgnu.a(lpc17xx_gpio.o)
                                0x545 (size before relaxing)
 .debug_str     0x00000b0c      0x58b /opt/york/cs/net/bin/../lpc1700-cmsis-lite-2011.01.26-i686-1/lib/libDriversLPC17xxgnu.a(lpc17xx_i2c.o)
                                0x840 (size before relaxing)
 .debug_str     0x00001097       0x30 /opt/york/cs/net/bin/../lpc1700-cmsis-lite-2011.01.26-i686-1/lib/libDriversLPC17xxgnu.a(lpc17xx_libcfg_default.o)
                                0x107 (size before relaxing)
 .debug_str     0x000010c7      0x1fb /opt/york/cs/net/bin/../lpc1700-cmsis-lite-2011.01.26-i686-1/lib/libDriversLPC17xxgnu.a(lpc17xx_pinsel.o)
                                0x359 (size before relaxing)
 .debug_str     0x000012c2       0xbd /opt/york/cs/net/bin/../lpc1700-cmsis-lite-2011.01.26-i686-1/lib/libDriversLPC17xxgnu.a(lpc17xx_clkpwr.o)
                                0x380 (size before relaxing)

.debug_loc      0x00000000     0x1276
 *(.debug_loc)
 .debug_loc     0x00000000      0x3de DevelopmentController.o
 .debug_loc     0x000003de       0x58 /opt/york/cs/net/bin/../lpc1700-cmsis-lite-2011.01.26-i686-1/lib/system_LPC17xx.o
 .debug_loc     0x00000436      0x620 /opt/york/cs/net/bin/../lpc1700-cmsis-lite-2011.01.26-i686-1/lib/libDriversLPC17xxgnu.a(lpc17xx_gpio.o)
 .debug_loc     0x00000a56      0x508 /opt/york/cs/net/bin/../lpc1700-cmsis-lite-2011.01.26-i686-1/lib/libDriversLPC17xxgnu.a(lpc17xx_i2c.o)
 .debug_loc     0x00000f5e       0x38 /opt/york/cs/net/bin/../lpc1700-cmsis-lite-2011.01.26-i686-1/lib/libDriversLPC17xxgnu.a(lpc17xx_libcfg_default.o)
 .debug_loc     0x00000f96      0x150 /opt/york/cs/net/bin/../lpc1700-cmsis-lite-2011.01.26-i686-1/lib/libDriversLPC17xxgnu.a(lpc17xx_pinsel.o)
 .debug_loc     0x000010e6      0x190 /opt/york/cs/net/bin/../lpc1700-cmsis-lite-2011.01.26-i686-1/lib/libDriversLPC17xxgnu.a(lpc17xx_clkpwr.o)

.debug_macinfo
 *(.debug_macinfo)

.debug_weaknames
 *(.debug_weaknames)

.debug_funcnames
 *(.debug_funcnames)

.debug_typenames
 *(.debug_typenames)

.debug_varnames
 *(.debug_varnames)

.note.gnu.arm.ident
 *(.note.gnu.arm.ident)

.ARM.attributes
                0x00000000       0x25
 *(.ARM.attributes)
 .ARM.attributes
                0x00000000       0x19 /opt/york/cs/net/sourcery-g++-lite-arm-eabi-2010.09.51-i686-1/bin/../lib/gcc/arm-none-eabi/4.5.1/thumb2/crti.o
 .ARM.attributes
                0x00000019       0x29 /opt/york/cs/net/sourcery-g++-lite-arm-eabi-2010.09.51-i686-1/bin/../lib/gcc/arm-none-eabi/4.5.1/thumb2/crtbegin.o
 .ARM.attributes
                0x00000042       0x31 DevelopmentController.o
 .ARM.attributes
                0x00000073       0x31 /opt/york/cs/net/bin/../lpc1700-cmsis-lite-2011.01.26-i686-1/lib/core_cm3.o
 .ARM.attributes
                0x000000a4       0x31 /opt/york/cs/net/bin/../lpc1700-cmsis-lite-2011.01.26-i686-1/lib/system_LPC17xx.o
 .ARM.attributes
                0x000000d5       0x21 /opt/york/cs/net/bin/../lpc1700-cmsis-lite-2011.01.26-i686-1/lib/startup_LPC17xx.o
 .ARM.attributes
                0x000000f6       0x29 /opt/york/cs/net/sourcery-g++-lite-arm-eabi-2010.09.51-i686-1/bin/../lib/gcc/arm-none-eabi/4.5.1/../../../../arm-none-eabi/lib/thumb2/libc.a(lib_a-strcmp.o)
 .ARM.attributes
                0x0000011f       0x29 /opt/york/cs/net/sourcery-g++-lite-arm-eabi-2010.09.51-i686-1/bin/../lib/gcc/arm-none-eabi/4.5.1/../../../../arm-none-eabi/lib/thumb2/libcs3.a(start_c.o)
 .ARM.attributes
                0x00000148       0x19 /opt/york/cs/net/sourcery-g++-lite-arm-eabi-2010.09.51-i686-1/bin/../lib/gcc/arm-none-eabi/4.5.1/../../../../arm-none-eabi/lib/thumb2/libcs3unhosted.a(unhosted-start.o)
 .ARM.attributes
                0x00000161       0x29 /opt/york/cs/net/sourcery-g++-lite-arm-eabi-2010.09.51-i686-1/bin/../lib/gcc/arm-none-eabi/4.5.1/../../../../arm-none-eabi/lib/thumb2/libc.a(lib_a-init.o)
 .ARM.attributes
                0x0000018a       0x31 /opt/york/cs/net/bin/../lpc1700-cmsis-lite-2011.01.26-i686-1/lib/libDriversLPC17xxgnu.a(lpc17xx_gpio.o)
 .ARM.attributes
                0x000001bb       0x31 /opt/york/cs/net/bin/../lpc1700-cmsis-lite-2011.01.26-i686-1/lib/libDriversLPC17xxgnu.a(lpc17xx_i2c.o)
 .ARM.attributes
                0x000001ec       0x31 /opt/york/cs/net/bin/../lpc1700-cmsis-lite-2011.01.26-i686-1/lib/libDriversLPC17xxgnu.a(lpc17xx_libcfg_default.o)
 .ARM.attributes
                0x0000021d       0x31 /opt/york/cs/net/bin/../lpc1700-cmsis-lite-2011.01.26-i686-1/lib/libDriversLPC17xxgnu.a(lpc17xx_pinsel.o)
 .ARM.attributes
                0x0000024e       0x31 /opt/york/cs/net/bin/../lpc1700-cmsis-lite-2011.01.26-i686-1/lib/libDriversLPC17xxgnu.a(lpc17xx_clkpwr.o)
 .ARM.attributes
                0x0000027f       0x29 /opt/york/cs/net/sourcery-g++-lite-arm-eabi-2010.09.51-i686-1/bin/../lib/gcc/arm-none-eabi/4.5.1/thumb2/crtend.o
 .ARM.attributes
                0x000002a8       0x19 /opt/york/cs/net/sourcery-g++-lite-arm-eabi-2010.09.51-i686-1/bin/../lib/gcc/arm-none-eabi/4.5.1/thumb2/crtn.o

/DISCARD/
 *(.note.GNU-stack)
LOAD /opt/york/cs/net/bin/../lpc1700-cmsis-lite-2011.01.26-i686-1/lib/libDriversLPC17xxgnu.a
START GROUP
LOAD /opt/york/cs/net/sourcery-g++-lite-arm-eabi-2010.09.51-i686-1/bin/../lib/gcc/arm-none-eabi/4.5.1/thumb2/libgcc.a
LOAD /opt/york/cs/net/sourcery-g++-lite-arm-eabi-2010.09.51-i686-1/bin/../lib/gcc/arm-none-eabi/4.5.1/../../../../arm-none-eabi/lib/thumb2/libc.a
END GROUP
LOAD /opt/york/cs/net/sourcery-g++-lite-arm-eabi-2010.09.51-i686-1/bin/../lib/gcc/arm-none-eabi/4.5.1/thumb2/crtend.o
LOAD /opt/york/cs/net/sourcery-g++-lite-arm-eabi-2010.09.51-i686-1/bin/../lib/gcc/arm-none-eabi/4.5.1/thumb2/crtn.o
OUTPUT(bin/DevelopmentController elf32-littlearm)

.debug_pubtypes
                0x00000000      0x3b1
 .debug_pubtypes
                0x00000000       0x74 DevelopmentController.o
 .debug_pubtypes
                0x00000074       0x12 /opt/york/cs/net/bin/../lpc1700-cmsis-lite-2011.01.26-i686-1/lib/core_cm3.o
 .debug_pubtypes
                0x00000086       0x57 /opt/york/cs/net/bin/../lpc1700-cmsis-lite-2011.01.26-i686-1/lib/system_LPC17xx.o
 .debug_pubtypes
                0x000000dd       0xb5 /opt/york/cs/net/bin/../lpc1700-cmsis-lite-2011.01.26-i686-1/lib/libDriversLPC17xxgnu.a(lpc17xx_gpio.o)
 .debug_pubtypes
                0x00000192      0x113 /opt/york/cs/net/bin/../lpc1700-cmsis-lite-2011.01.26-i686-1/lib/libDriversLPC17xxgnu.a(lpc17xx_i2c.o)
 .debug_pubtypes
                0x000002a5       0x2b /opt/york/cs/net/bin/../lpc1700-cmsis-lite-2011.01.26-i686-1/lib/libDriversLPC17xxgnu.a(lpc17xx_libcfg_default.o)
 .debug_pubtypes
                0x000002d0       0x76 /opt/york/cs/net/bin/../lpc1700-cmsis-lite-2011.01.26-i686-1/lib/libDriversLPC17xxgnu.a(lpc17xx_pinsel.o)
 .debug_pubtypes
                0x00000346       0x6b /opt/york/cs/net/bin/../lpc1700-cmsis-lite-2011.01.26-i686-1/lib/libDriversLPC17xxgnu.a(lpc17xx_clkpwr.o)

.debug_ranges   0x00000000      0x308
 .debug_ranges  0x00000000       0x98 DevelopmentController.o
 .debug_ranges  0x00000098       0x18 /opt/york/cs/net/bin/../lpc1700-cmsis-lite-2011.01.26-i686-1/lib/system_LPC17xx.o
 .debug_ranges  0x000000b0       0x20 /opt/york/cs/net/bin/../lpc1700-cmsis-lite-2011.01.26-i686-1/lib/startup_LPC17xx.o
 .debug_ranges  0x000000d0       0xe8 /opt/york/cs/net/bin/../lpc1700-cmsis-lite-2011.01.26-i686-1/lib/libDriversLPC17xxgnu.a(lpc17xx_gpio.o)
 .debug_ranges  0x000001b8       0xc0 /opt/york/cs/net/bin/../lpc1700-cmsis-lite-2011.01.26-i686-1/lib/libDriversLPC17xxgnu.a(lpc17xx_i2c.o)
 .debug_ranges  0x00000278       0x10 /opt/york/cs/net/bin/../lpc1700-cmsis-lite-2011.01.26-i686-1/lib/libDriversLPC17xxgnu.a(lpc17xx_libcfg_default.o)
 .debug_ranges  0x00000288       0x38 /opt/york/cs/net/bin/../lpc1700-cmsis-lite-2011.01.26-i686-1/lib/libDriversLPC17xxgnu.a(lpc17xx_pinsel.o)
 .debug_ranges  0x000002c0       0x48 /opt/york/cs/net/bin/../lpc1700-cmsis-lite-2011.01.26-i686-1/lib/libDriversLPC17xxgnu.a(lpc17xx_clkpwr.o)
