Archive member included because of file (symbol)

/opt/york/cs/net/sourcery-g++-lite-arm-eabi-2010.09.51-i686-1/bin/../lib/gcc/arm-none-eabi/4.5.1/../../../../arm-none-eabi/lib/thumb2/libc.a(lib_a-memset.o)
                              DevelopmentController.o (memset)
/opt/york/cs/net/sourcery-g++-lite-arm-eabi-2010.09.51-i686-1/bin/../lib/gcc/arm-none-eabi/4.5.1/../../../../arm-none-eabi/lib/thumb2/libc.a(lib_a-strcmp.o)
                              DevelopmentController.o (strcmp)
/opt/york/cs/net/sourcery-g++-lite-arm-eabi-2010.09.51-i686-1/bin/../lib/gcc/arm-none-eabi/4.5.1/../../../../arm-none-eabi/lib/thumb2/libcs3.a(start_c.o)
                              (__cs3_start_c)
/opt/york/cs/net/sourcery-g++-lite-arm-eabi-2010.09.51-i686-1/bin/../lib/gcc/arm-none-eabi/4.5.1/../../../../arm-none-eabi/lib/thumb2/libcs3unhosted.a(unhosted-start.o)
                              /opt/york/cs/net/bin/../lpc1700-cmsis-lite-2011.01.26-i686-1/lib/startup_LPC17xx.o (_start)
/opt/york/cs/net/sourcery-g++-lite-arm-eabi-2010.09.51-i686-1/bin/../lib/gcc/arm-none-eabi/4.5.1/../../../../arm-none-eabi/lib/thumb2/libc.a(lib_a-init.o)
                              /opt/york/cs/net/sourcery-g++-lite-arm-eabi-2010.09.51-i686-1/bin/../lib/gcc/arm-none-eabi/4.5.1/../../../../arm-none-eabi/lib/thumb2/libcs3.a(start_c.o) (__libc_init_array)
/opt/york/cs/net/bin/../lpc1700-cmsis-lite-2011.01.26-i686-1/lib/libDriversLPC17xxgnu.a(lpc17xx_gpio.o)
                              DevelopmentController.o (GPIO_SetDir)
/opt/york/cs/net/bin/../lpc1700-cmsis-lite-2011.01.26-i686-1/lib/libDriversLPC17xxgnu.a(lpc17xx_i2c.o)
                              DevelopmentController.o (I2C_Init)
/opt/york/cs/net/bin/../lpc1700-cmsis-lite-2011.01.26-i686-1/lib/libDriversLPC17xxgnu.a(lpc17xx_libcfg_default.o)
                              /opt/york/cs/net/bin/../lpc1700-cmsis-lite-2011.01.26-i686-1/lib/libDriversLPC17xxgnu.a(lpc17xx_i2c.o) (check_failed)
/opt/york/cs/net/bin/../lpc1700-cmsis-lite-2011.01.26-i686-1/lib/libDriversLPC17xxgnu.a(lpc17xx_pinsel.o)
                              DevelopmentController.o (PINSEL_ConfigPin)
/opt/york/cs/net/bin/../lpc1700-cmsis-lite-2011.01.26-i686-1/lib/libDriversLPC17xxgnu.a(lpc17xx_clkpwr.o)
                              /opt/york/cs/net/bin/../lpc1700-cmsis-lite-2011.01.26-i686-1/lib/libDriversLPC17xxgnu.a(lpc17xx_i2c.o) (CLKPWR_SetPCLKDiv)

Allocating common symbols
Common symbol       size              file

ScreenTransferConfig
                    0x2c              DevelopmentController.o
output              0x1e              DevelopmentController.o
KeypadTransferConfig
                    0x2c              DevelopmentController.o

Memory Configuration

Name             Origin             Length             Attributes
rom              0x00000000         0x00080000         xr
ram              0x10000000         0x00008000         xrw
ram1             0x2007c000         0x00004000         xrw
ram2             0x20080000         0x00004000         xrw
*default*        0x00000000         0xffffffff

Linker script and memory map

LOAD /opt/york/cs/net/sourcery-g++-lite-arm-eabi-2010.09.51-i686-1/bin/../lib/gcc/arm-none-eabi/4.5.1/thumb2/crti.o
LOAD /opt/york/cs/net/sourcery-g++-lite-arm-eabi-2010.09.51-i686-1/bin/../lib/gcc/arm-none-eabi/4.5.1/thumb2/crtbegin.o
LOAD DevelopmentController.o
LOAD /opt/york/cs/net/bin/../lpc1700-cmsis-lite-2011.01.26-i686-1/lib/core_cm3.o
LOAD /opt/york/cs/net/bin/../lpc1700-cmsis-lite-2011.01.26-i686-1/lib/system_LPC17xx.o
LOAD /opt/york/cs/net/bin/../lpc1700-cmsis-lite-2011.01.26-i686-1/lib/startup_LPC17xx.o
START GROUP
LOAD /opt/york/cs/net/sourcery-g++-lite-arm-eabi-2010.09.51-i686-1/bin/../lib/gcc/arm-none-eabi/4.5.1/../../../../arm-none-eabi/lib/thumb2/libc.a
LOAD /opt/york/cs/net/sourcery-g++-lite-arm-eabi-2010.09.51-i686-1/bin/../lib/gcc/arm-none-eabi/4.5.1/../../../../arm-none-eabi/lib/thumb2/libg.a
LOAD /opt/york/cs/net/sourcery-g++-lite-arm-eabi-2010.09.51-i686-1/bin/../lib/gcc/arm-none-eabi/4.5.1/../../../../arm-none-eabi/lib/thumb2/libstdc++.a
LOAD /opt/york/cs/net/sourcery-g++-lite-arm-eabi-2010.09.51-i686-1/bin/../lib/gcc/arm-none-eabi/4.5.1/../../../../arm-none-eabi/lib/thumb2/libsupc++.a
LOAD /opt/york/cs/net/sourcery-g++-lite-arm-eabi-2010.09.51-i686-1/bin/../lib/gcc/arm-none-eabi/4.5.1/thumb2/libgcc.a
LOAD /opt/york/cs/net/sourcery-g++-lite-arm-eabi-2010.09.51-i686-1/bin/../lib/gcc/arm-none-eabi/4.5.1/../../../../arm-none-eabi/lib/thumb2/libm.a
END GROUP
START GROUP
LOAD /opt/york/cs/net/sourcery-g++-lite-arm-eabi-2010.09.51-i686-1/bin/../lib/gcc/arm-none-eabi/4.5.1/thumb2/libgcc.a
LOAD /opt/york/cs/net/sourcery-g++-lite-arm-eabi-2010.09.51-i686-1/bin/../lib/gcc/arm-none-eabi/4.5.1/../../../../arm-none-eabi/lib/thumb2/libc.a
LOAD /opt/york/cs/net/sourcery-g++-lite-arm-eabi-2010.09.51-i686-1/bin/../lib/gcc/arm-none-eabi/4.5.1/../../../../arm-none-eabi/lib/thumb2/libcs3.a
LOAD /opt/york/cs/net/sourcery-g++-lite-arm-eabi-2010.09.51-i686-1/bin/../lib/gcc/arm-none-eabi/4.5.1/../../../../arm-none-eabi/lib/thumb2/libcs3unhosted.a
LOAD /opt/york/cs/net/sourcery-g++-lite-arm-eabi-2010.09.51-i686-1/bin/../lib/gcc/arm-none-eabi/4.5.1/../../../../arm-none-eabi/lib/thumb2/libcs3micro.a
END GROUP
                0x10008000                PROVIDE (__cs3_stack, (__cs3_region_start_ram + __cs3_region_size_ram))
                0x00007f38                PROVIDE (__cs3_stack_size, ((__cs3_region_start_ram + __cs3_region_size_ram) - _end))
                0x100000c8                PROVIDE (__cs3_heap_start, _end)
                0x10008000                PROVIDE (__cs3_heap_end, (__cs3_region_start_ram + __cs3_region_size_ram))

.text           0x00000000     0x39c0
 CREATE_OBJECT_SYMBOLS
                0x00000000                __cs3_region_start_rom = .
 *(.cs3.region-head.rom)
                0x00000000                __cs3_interrupt_vector = __cs3_interrupt_vector_cortex_m
 *(.cs3.interrupt_vector)
 .cs3.interrupt_vector
                0x00000000       0xcc /opt/york/cs/net/bin/../lpc1700-cmsis-lite-2011.01.26-i686-1/lib/startup_LPC17xx.o
                0x00000000                __cs3_interrupt_vector_cortex_m
                0x00000001                ASSERT ((. != __cs3_interrupt_vector_cortex_m), No interrupt vector)
 *(.rom)
 *(.rom.b)
                0x000000cc                __cs3_reset = __cs3_reset_cortex_m
 *(.cs3.reset)
 .cs3.reset     0x000000cc       0x10 /opt/york/cs/net/bin/../lpc1700-cmsis-lite-2011.01.26-i686-1/lib/startup_LPC17xx.o
                0x000000cc                __cs3_reset_cortex_m
                0x00000001                ASSERT ((. != __cs3_reset), No reset code)
 *(.text .text.* .gnu.linkonce.t.*)
 .text          0x000000dc        0x0 /opt/york/cs/net/sourcery-g++-lite-arm-eabi-2010.09.51-i686-1/bin/../lib/gcc/arm-none-eabi/4.5.1/thumb2/crti.o
 .text          0x000000dc       0x30 /opt/york/cs/net/sourcery-g++-lite-arm-eabi-2010.09.51-i686-1/bin/../lib/gcc/arm-none-eabi/4.5.1/thumb2/crtbegin.o
 .text          0x0000010c        0x0 DevelopmentController.o
 .text.setupI2C
                0x0000010c       0x70 DevelopmentController.o
                0x0000010c                setupI2C
 .text.bufferToChar
                0x0000017c      0x120 DevelopmentController.o
                0x0000017c                bufferToChar
 .text.enableColumn
                0x0000029c       0xbc DevelopmentController.o
                0x0000029c                enableColumn
 .text.listenForKey
                0x00000358       0xf8 DevelopmentController.o
                0x00000358                listenForKey
 .text.getKeyPressed
                0x00000450       0x18 DevelopmentController.o
                0x00000450                getKeyPressed
 .text.listenForMenu
                0x00000468      0x124 DevelopmentController.o
                0x00000468                listenForMenu
 .text.setLastKey
                0x0000058c       0x20 DevelopmentController.o
                0x0000058c                setLastKey
 .text.isLastKeyPressed
                0x000005ac       0x34 DevelopmentController.o
                0x000005ac                isLastKeyPressed
 .text.screenPause
                0x000005e0       0x50 DevelopmentController.o
                0x000005e0                screenPause
 .text.SetupScreen
                0x00000630       0x7c DevelopmentController.o
                0x00000630                SetupScreen
 .text.clearScreen
                0x000006ac       0xac DevelopmentController.o
                0x000006ac                clearScreen
 .text.showScreen
                0x00000758       0x7c DevelopmentController.o
                0x00000758                showScreen
 .text.gatherScreenData
                0x000007d4       0x14 DevelopmentController.o
                0x000007d4                gatherScreenData
 .text.mainScreen
                0x000007e8       0x68 DevelopmentController.o
                0x000007e8                mainScreen
 .text.chooseModeScreen
                0x00000850       0x88 DevelopmentController.o
                0x00000850                chooseModeScreen
 .text.filterParams
                0x000008d8      0x224 DevelopmentController.o
                0x000008d8                filterParams
 .text.chooseFilter
                0x00000afc      0x31c DevelopmentController.o
                0x00000afc                chooseFilter
 .text.ScreenController
                0x00000e18       0x4c DevelopmentController.o
                0x00000e18                ScreenController
 .text.main     0x00000e64       0x18 DevelopmentController.o
                0x00000e64                main
 .text          0x00000e7c        0x0 /opt/york/cs/net/bin/../lpc1700-cmsis-lite-2011.01.26-i686-1/lib/core_cm3.o
 .text          0x00000e7c        0x0 /opt/york/cs/net/bin/../lpc1700-cmsis-lite-2011.01.26-i686-1/lib/system_LPC17xx.o
 .text.SystemCoreClockUpdate
                0x00000e7c      0x228 /opt/york/cs/net/bin/../lpc1700-cmsis-lite-2011.01.26-i686-1/lib/system_LPC17xx.o
                0x00000e7c                SystemCoreClockUpdate
 .text.SystemInit
                0x000010a4      0x240 /opt/york/cs/net/bin/../lpc1700-cmsis-lite-2011.01.26-i686-1/lib/system_LPC17xx.o
                0x000010a4                SystemInit
 .text          0x000012e4       0x14 /opt/york/cs/net/bin/../lpc1700-cmsis-lite-2011.01.26-i686-1/lib/startup_LPC17xx.o
                0x000012e4                NMI_Handler
                0x000012e6                HardFault_Handler
                0x000012e8                MemManage_Handler
                0x000012ea                BusFault_Handler
                0x000012ec                UsageFault_Handler
                0x000012ee                SVC_Handler
                0x000012f0                DebugMon_Handler
                0x000012f2                PendSV_Handler
                0x000012f4                SysTick_Handler
                0x000012f6                TIMER2_IRQHandler
                0x000012f6                RIT_IRQHandler
                0x000012f6                I2C0_IRQHandler
                0x000012f6                USBActivity_IRQHandler
                0x000012f6                PWM1_IRQHandler
                0x000012f6                I2C1_IRQHandler
                0x000012f6                EINT2_IRQHandler
                0x000012f6                UART1_IRQHandler
                0x000012f6                EINT3_IRQHandler
                0x000012f6                CANActivity_IRQHandler
                0x000012f6                TIMER3_IRQHandler
                0x000012f6                UART0_IRQHandler
                0x000012f6                PLL0_IRQHandler
                0x000012f6                CAN_IRQHandler
                0x000012f6                PLL1_IRQHandler
                0x000012f6                SSP0_IRQHandler
                0x000012f6                I2S_IRQHandler
                0x000012f6                I2C2_IRQHandler
                0x000012f6                RTC_IRQHandler
                0x000012f6                TIMER0_IRQHandler
                0x000012f6                SPI_IRQHandler
                0x000012f6                EINT1_IRQHandler
                0x000012f6                TIMER1_IRQHandler
                0x000012f6                UART2_IRQHandler
                0x000012f6                Default_Handler
                0x000012f6                ADC_IRQHandler
                0x000012f6                SSP1_IRQHandler
                0x000012f6                USB_IRQHandler
                0x000012f6                BOD_IRQHandler
                0x000012f6                WDT_IRQHandler
                0x000012f6                QEI_IRQHandler
                0x000012f6                EINT0_IRQHandler
                0x000012f6                DMA_IRQHandler
                0x000012f6                UART3_IRQHandler
                0x000012f6                MCPWM_IRQHandler
                0x000012f6                ENET_IRQHandler
 .text          0x000012f8       0xb4 /opt/york/cs/net/sourcery-g++-lite-arm-eabi-2010.09.51-i686-1/bin/../lib/gcc/arm-none-eabi/4.5.1/../../../../arm-none-eabi/lib/thumb2/libc.a(lib_a-memset.o)
                0x000012f8                memset
 .text          0x000013ac      0x1dc /opt/york/cs/net/sourcery-g++-lite-arm-eabi-2010.09.51-i686-1/bin/../lib/gcc/arm-none-eabi/4.5.1/../../../../arm-none-eabi/lib/thumb2/libc.a(lib_a-strcmp.o)
                0x000013ac                strcmp
 .text          0x00001588       0x30 /opt/york/cs/net/sourcery-g++-lite-arm-eabi-2010.09.51-i686-1/bin/../lib/gcc/arm-none-eabi/4.5.1/../../../../arm-none-eabi/lib/thumb2/libcs3.a(start_c.o)
                0x00001588                __cs3_premain
 .text.cs3.init
                0x000015b8       0x50 /opt/york/cs/net/sourcery-g++-lite-arm-eabi-2010.09.51-i686-1/bin/../lib/gcc/arm-none-eabi/4.5.1/../../../../arm-none-eabi/lib/thumb2/libcs3.a(start_c.o)
                0x000015b8                __cs3_start_c
 .text          0x00001608        0x0 /opt/york/cs/net/sourcery-g++-lite-arm-eabi-2010.09.51-i686-1/bin/../lib/gcc/arm-none-eabi/4.5.1/../../../../arm-none-eabi/lib/thumb2/libcs3unhosted.a(unhosted-start.o)
 .text.cs3.init
                0x00001608       0x10 /opt/york/cs/net/sourcery-g++-lite-arm-eabi-2010.09.51-i686-1/bin/../lib/gcc/arm-none-eabi/4.5.1/../../../../arm-none-eabi/lib/thumb2/libcs3unhosted.a(unhosted-start.o)
                0x00001608                _start
 .text          0x00001618       0x50 /opt/york/cs/net/sourcery-g++-lite-arm-eabi-2010.09.51-i686-1/bin/../lib/gcc/arm-none-eabi/4.5.1/../../../../arm-none-eabi/lib/thumb2/libc.a(lib_a-init.o)
                0x00001618                __libc_init_array
 .text          0x00001668        0x0 /opt/york/cs/net/bin/../lpc1700-cmsis-lite-2011.01.26-i686-1/lib/libDriversLPC17xxgnu.a(lpc17xx_gpio.o)
 .text.GPIO_GetPointer
                0x00001668       0x7c /opt/york/cs/net/bin/../lpc1700-cmsis-lite-2011.01.26-i686-1/lib/libDriversLPC17xxgnu.a(lpc17xx_gpio.o)
 .text.FIO_HalfWordGetPointer
                0x000016e4       0x7c /opt/york/cs/net/bin/../lpc1700-cmsis-lite-2011.01.26-i686-1/lib/libDriversLPC17xxgnu.a(lpc17xx_gpio.o)
 .text.FIO_ByteGetPointer
                0x00001760       0x7c /opt/york/cs/net/bin/../lpc1700-cmsis-lite-2011.01.26-i686-1/lib/libDriversLPC17xxgnu.a(lpc17xx_gpio.o)
 .text.GPIO_SetDir
                0x000017dc       0x50 /opt/york/cs/net/bin/../lpc1700-cmsis-lite-2011.01.26-i686-1/lib/libDriversLPC17xxgnu.a(lpc17xx_gpio.o)
                0x000017dc                GPIO_SetDir
 .text.GPIO_SetValue
                0x0000182c       0x2c /opt/york/cs/net/bin/../lpc1700-cmsis-lite-2011.01.26-i686-1/lib/libDriversLPC17xxgnu.a(lpc17xx_gpio.o)
                0x0000182c                GPIO_SetValue
 .text.GPIO_ClearValue
                0x00001858       0x2c /opt/york/cs/net/bin/../lpc1700-cmsis-lite-2011.01.26-i686-1/lib/libDriversLPC17xxgnu.a(lpc17xx_gpio.o)
                0x00001858                GPIO_ClearValue
 .text.GPIO_ReadValue
                0x00001884       0x30 /opt/york/cs/net/bin/../lpc1700-cmsis-lite-2011.01.26-i686-1/lib/libDriversLPC17xxgnu.a(lpc17xx_gpio.o)
                0x00001884                GPIO_ReadValue
 .text.GPIO_IntCmd
                0x000018b4       0x84 /opt/york/cs/net/bin/../lpc1700-cmsis-lite-2011.01.26-i686-1/lib/libDriversLPC17xxgnu.a(lpc17xx_gpio.o)
                0x000018b4                GPIO_IntCmd
 .text.GPIO_GetIntStatus
                0x00001938       0xc0 /opt/york/cs/net/bin/../lpc1700-cmsis-lite-2011.01.26-i686-1/lib/libDriversLPC17xxgnu.a(lpc17xx_gpio.o)
                0x00001938                GPIO_GetIntStatus
 .text.GPIO_ClearInt
                0x000019f8       0x40 /opt/york/cs/net/bin/../lpc1700-cmsis-lite-2011.01.26-i686-1/lib/libDriversLPC17xxgnu.a(lpc17xx_gpio.o)
                0x000019f8                GPIO_ClearInt
 .text.FIO_SetDir
                0x00001a38       0x28 /opt/york/cs/net/bin/../lpc1700-cmsis-lite-2011.01.26-i686-1/lib/libDriversLPC17xxgnu.a(lpc17xx_gpio.o)
                0x00001a38                FIO_SetDir
 .text.FIO_SetValue
                0x00001a60       0x20 /opt/york/cs/net/bin/../lpc1700-cmsis-lite-2011.01.26-i686-1/lib/libDriversLPC17xxgnu.a(lpc17xx_gpio.o)
                0x00001a60                FIO_SetValue
 .text.FIO_ClearValue
                0x00001a80       0x20 /opt/york/cs/net/bin/../lpc1700-cmsis-lite-2011.01.26-i686-1/lib/libDriversLPC17xxgnu.a(lpc17xx_gpio.o)
                0x00001a80                FIO_ClearValue
 .text.FIO_ReadValue
                0x00001aa0       0x20 /opt/york/cs/net/bin/../lpc1700-cmsis-lite-2011.01.26-i686-1/lib/libDriversLPC17xxgnu.a(lpc17xx_gpio.o)
                0x00001aa0                FIO_ReadValue
 .text.FIO_IntCmd
                0x00001ac0       0x28 /opt/york/cs/net/bin/../lpc1700-cmsis-lite-2011.01.26-i686-1/lib/libDriversLPC17xxgnu.a(lpc17xx_gpio.o)
                0x00001ac0                FIO_IntCmd
 .text.FIO_GetIntStatus
                0x00001ae8       0x2c /opt/york/cs/net/bin/../lpc1700-cmsis-lite-2011.01.26-i686-1/lib/libDriversLPC17xxgnu.a(lpc17xx_gpio.o)
                0x00001ae8                FIO_GetIntStatus
 .text.FIO_ClearInt
                0x00001b14       0x20 /opt/york/cs/net/bin/../lpc1700-cmsis-lite-2011.01.26-i686-1/lib/libDriversLPC17xxgnu.a(lpc17xx_gpio.o)
                0x00001b14                FIO_ClearInt
 .text.FIO_SetMask
                0x00001b34       0x50 /opt/york/cs/net/bin/../lpc1700-cmsis-lite-2011.01.26-i686-1/lib/libDriversLPC17xxgnu.a(lpc17xx_gpio.o)
                0x00001b34                FIO_SetMask
 .text.FIO_HalfWordSetDir
                0x00001b84       0x9c /opt/york/cs/net/bin/../lpc1700-cmsis-lite-2011.01.26-i686-1/lib/libDriversLPC17xxgnu.a(lpc17xx_gpio.o)
                0x00001b84                FIO_HalfWordSetDir
 .text.FIO_HalfWordSetMask
                0x00001c20       0x9c /opt/york/cs/net/bin/../lpc1700-cmsis-lite-2011.01.26-i686-1/lib/libDriversLPC17xxgnu.a(lpc17xx_gpio.o)
                0x00001c20                FIO_HalfWordSetMask
 .text.FIO_HalfWordSetValue
                0x00001cbc       0x40 /opt/york/cs/net/bin/../lpc1700-cmsis-lite-2011.01.26-i686-1/lib/libDriversLPC17xxgnu.a(lpc17xx_gpio.o)
                0x00001cbc                FIO_HalfWordSetValue
 .text.FIO_HalfWordClearValue
                0x00001cfc       0x40 /opt/york/cs/net/bin/../lpc1700-cmsis-lite-2011.01.26-i686-1/lib/libDriversLPC17xxgnu.a(lpc17xx_gpio.o)
                0x00001cfc                FIO_HalfWordClearValue
 .text.FIO_HalfWordReadValue
                0x00001d3c       0x44 /opt/york/cs/net/bin/../lpc1700-cmsis-lite-2011.01.26-i686-1/lib/libDriversLPC17xxgnu.a(lpc17xx_gpio.o)
                0x00001d3c                FIO_HalfWordReadValue
 .text.FIO_ByteSetDir
                0x00001d80       0x70 /opt/york/cs/net/bin/../lpc1700-cmsis-lite-2011.01.26-i686-1/lib/libDriversLPC17xxgnu.a(lpc17xx_gpio.o)
                0x00001d80                FIO_ByteSetDir
 .text.FIO_ByteSetMask
                0x00001df0       0x78 /opt/york/cs/net/bin/../lpc1700-cmsis-lite-2011.01.26-i686-1/lib/libDriversLPC17xxgnu.a(lpc17xx_gpio.o)
                0x00001df0                FIO_ByteSetMask
 .text.FIO_ByteSetValue
                0x00001e68       0x3c /opt/york/cs/net/bin/../lpc1700-cmsis-lite-2011.01.26-i686-1/lib/libDriversLPC17xxgnu.a(lpc17xx_gpio.o)
                0x00001e68                FIO_ByteSetValue
 .text.FIO_ByteClearValue
                0x00001ea4       0x3c /opt/york/cs/net/bin/../lpc1700-cmsis-lite-2011.01.26-i686-1/lib/libDriversLPC17xxgnu.a(lpc17xx_gpio.o)
                0x00001ea4                FIO_ByteClearValue
 .text.FIO_ByteReadValue
                0x00001ee0       0x40 /opt/york/cs/net/bin/../lpc1700-cmsis-lite-2011.01.26-i686-1/lib/libDriversLPC17xxgnu.a(lpc17xx_gpio.o)
                0x00001ee0                FIO_ByteReadValue
 .text          0x00001f20        0x0 /opt/york/cs/net/bin/../lpc1700-cmsis-lite-2011.01.26-i686-1/lib/libDriversLPC17xxgnu.a(lpc17xx_i2c.o)
 .text.NVIC_EnableIRQ
                0x00001f20       0x38 /opt/york/cs/net/bin/../lpc1700-cmsis-lite-2011.01.26-i686-1/lib/libDriversLPC17xxgnu.a(lpc17xx_i2c.o)
 .text.NVIC_DisableIRQ
                0x00001f58       0x3c /opt/york/cs/net/bin/../lpc1700-cmsis-lite-2011.01.26-i686-1/lib/libDriversLPC17xxgnu.a(lpc17xx_i2c.o)
 .text.I2C_getNum
                0x00001f94       0x54 /opt/york/cs/net/bin/../lpc1700-cmsis-lite-2011.01.26-i686-1/lib/libDriversLPC17xxgnu.a(lpc17xx_i2c.o)
 .text.I2C_Start
                0x00001fe8       0x44 /opt/york/cs/net/bin/../lpc1700-cmsis-lite-2011.01.26-i686-1/lib/libDriversLPC17xxgnu.a(lpc17xx_i2c.o)
 .text.I2C_Stop
                0x0000202c       0x38 /opt/york/cs/net/bin/../lpc1700-cmsis-lite-2011.01.26-i686-1/lib/libDriversLPC17xxgnu.a(lpc17xx_i2c.o)
 .text.I2C_SendByte
                0x00002064       0x50 /opt/york/cs/net/bin/../lpc1700-cmsis-lite-2011.01.26-i686-1/lib/libDriversLPC17xxgnu.a(lpc17xx_i2c.o)
 .text.I2C_GetByte
                0x000020b4       0x5c /opt/york/cs/net/bin/../lpc1700-cmsis-lite-2011.01.26-i686-1/lib/libDriversLPC17xxgnu.a(lpc17xx_i2c.o)
 .text.I2C_SetClock
                0x00002110       0xc8 /opt/york/cs/net/bin/../lpc1700-cmsis-lite-2011.01.26-i686-1/lib/libDriversLPC17xxgnu.a(lpc17xx_i2c.o)
 .text.I2C_Init
                0x000021d8       0xd8 /opt/york/cs/net/bin/../lpc1700-cmsis-lite-2011.01.26-i686-1/lib/libDriversLPC17xxgnu.a(lpc17xx_i2c.o)
                0x000021d8                I2C_Init
 .text.I2C_DeInit
                0x000022b0       0xa4 /opt/york/cs/net/bin/../lpc1700-cmsis-lite-2011.01.26-i686-1/lib/libDriversLPC17xxgnu.a(lpc17xx_i2c.o)
                0x000022b0                I2C_DeInit
 .text.I2C_Cmd  0x00002354       0x84 /opt/york/cs/net/bin/../lpc1700-cmsis-lite-2011.01.26-i686-1/lib/libDriversLPC17xxgnu.a(lpc17xx_i2c.o)
                0x00002354                I2C_Cmd
 .text.I2C_IntCmd
                0x000023d8       0xa8 /opt/york/cs/net/bin/../lpc1700-cmsis-lite-2011.01.26-i686-1/lib/libDriversLPC17xxgnu.a(lpc17xx_i2c.o)
                0x000023d8                I2C_IntCmd
 .text.I2C_MasterHandler
                0x00002480      0x3d8 /opt/york/cs/net/bin/../lpc1700-cmsis-lite-2011.01.26-i686-1/lib/libDriversLPC17xxgnu.a(lpc17xx_i2c.o)
                0x00002480                I2C_MasterHandler
 .text.I2C_SlaveHandler
                0x00002858      0x1d8 /opt/york/cs/net/bin/../lpc1700-cmsis-lite-2011.01.26-i686-1/lib/libDriversLPC17xxgnu.a(lpc17xx_i2c.o)
                0x00002858                I2C_SlaveHandler
 .text.I2C_MasterTransferData
                0x00002a30      0x33c /opt/york/cs/net/bin/../lpc1700-cmsis-lite-2011.01.26-i686-1/lib/libDriversLPC17xxgnu.a(lpc17xx_i2c.o)
                0x00002a30                I2C_MasterTransferData
 .text.I2C_SlaveTransferData
                0x00002d6c      0x268 /opt/york/cs/net/bin/../lpc1700-cmsis-lite-2011.01.26-i686-1/lib/libDriversLPC17xxgnu.a(lpc17xx_i2c.o)
                0x00002d6c                I2C_SlaveTransferData
 .text.I2C_SetOwnSlaveAddr
                0x00002fd4      0x118 /opt/york/cs/net/bin/../lpc1700-cmsis-lite-2011.01.26-i686-1/lib/libDriversLPC17xxgnu.a(lpc17xx_i2c.o)
                0x00002fd4                I2C_SetOwnSlaveAddr
 .text.I2C_MonitorModeConfig
                0x000030ec       0x9c /opt/york/cs/net/bin/../lpc1700-cmsis-lite-2011.01.26-i686-1/lib/libDriversLPC17xxgnu.a(lpc17xx_i2c.o)
                0x000030ec                I2C_MonitorModeConfig
 .text.I2C_MonitorModeCmd
                0x00003188       0xb0 /opt/york/cs/net/bin/../lpc1700-cmsis-lite-2011.01.26-i686-1/lib/libDriversLPC17xxgnu.a(lpc17xx_i2c.o)
                0x00003188                I2C_MonitorModeCmd
 .text.I2C_MonitorGetDatabuffer
                0x00003238       0x54 /opt/york/cs/net/bin/../lpc1700-cmsis-lite-2011.01.26-i686-1/lib/libDriversLPC17xxgnu.a(lpc17xx_i2c.o)
                0x00003238                I2C_MonitorGetDatabuffer
 .text.I2C_MonitorHandler
                0x0000328c       0x6c /opt/york/cs/net/bin/../lpc1700-cmsis-lite-2011.01.26-i686-1/lib/libDriversLPC17xxgnu.a(lpc17xx_i2c.o)
                0x0000328c                I2C_MonitorHandler
 .text.I2C_MasterTransferComplete
                0x000032f8       0x40 /opt/york/cs/net/bin/../lpc1700-cmsis-lite-2011.01.26-i686-1/lib/libDriversLPC17xxgnu.a(lpc17xx_i2c.o)
                0x000032f8                I2C_MasterTransferComplete
 .text.I2C_SlaveTransferComplete
                0x00003338       0x40 /opt/york/cs/net/bin/../lpc1700-cmsis-lite-2011.01.26-i686-1/lib/libDriversLPC17xxgnu.a(lpc17xx_i2c.o)
                0x00003338                I2C_SlaveTransferComplete
 .text          0x00003378        0x0 /opt/york/cs/net/bin/../lpc1700-cmsis-lite-2011.01.26-i686-1/lib/libDriversLPC17xxgnu.a(lpc17xx_libcfg_default.o)
 .text.check_failed
                0x00003378        0xc /opt/york/cs/net/bin/../lpc1700-cmsis-lite-2011.01.26-i686-1/lib/libDriversLPC17xxgnu.a(lpc17xx_libcfg_default.o)
                0x00003378                check_failed
 .text          0x00003384        0x0 /opt/york/cs/net/bin/../lpc1700-cmsis-lite-2011.01.26-i686-1/lib/libDriversLPC17xxgnu.a(lpc17xx_pinsel.o)
 .text.set_PinFunc
                0x00003384       0xa0 /opt/york/cs/net/bin/../lpc1700-cmsis-lite-2011.01.26-i686-1/lib/libDriversLPC17xxgnu.a(lpc17xx_pinsel.o)
 .text.set_ResistorMode
                0x00003424       0xa0 /opt/york/cs/net/bin/../lpc1700-cmsis-lite-2011.01.26-i686-1/lib/libDriversLPC17xxgnu.a(lpc17xx_pinsel.o)
 .text.set_OpenDrainMode
                0x000034c4       0x80 /opt/york/cs/net/bin/../lpc1700-cmsis-lite-2011.01.26-i686-1/lib/libDriversLPC17xxgnu.a(lpc17xx_pinsel.o)
 .text.PINSEL_ConfigTraceFunc
                0x00003544       0x54 /opt/york/cs/net/bin/../lpc1700-cmsis-lite-2011.01.26-i686-1/lib/libDriversLPC17xxgnu.a(lpc17xx_pinsel.o)
                0x00003544                PINSEL_ConfigTraceFunc
 .text.PINSEL_SetI2C0Pins
                0x00003598       0x3c /opt/york/cs/net/bin/../lpc1700-cmsis-lite-2011.01.26-i686-1/lib/libDriversLPC17xxgnu.a(lpc17xx_pinsel.o)
                0x00003598                PINSEL_SetI2C0Pins
 .text.PINSEL_ConfigPin
                0x000035d4       0x54 /opt/york/cs/net/bin/../lpc1700-cmsis-lite-2011.01.26-i686-1/lib/libDriversLPC17xxgnu.a(lpc17xx_pinsel.o)
                0x000035d4                PINSEL_ConfigPin
 .text          0x00003628        0x0 /opt/york/cs/net/bin/../lpc1700-cmsis-lite-2011.01.26-i686-1/lib/libDriversLPC17xxgnu.a(lpc17xx_clkpwr.o)
 .text.CLKPWR_SetPCLKDiv
                0x00003628       0xd4 /opt/york/cs/net/bin/../lpc1700-cmsis-lite-2011.01.26-i686-1/lib/libDriversLPC17xxgnu.a(lpc17xx_clkpwr.o)
                0x00003628                CLKPWR_SetPCLKDiv
 .text.CLKPWR_GetPCLKSEL
                0x000036fc       0x54 /opt/york/cs/net/bin/../lpc1700-cmsis-lite-2011.01.26-i686-1/lib/libDriversLPC17xxgnu.a(lpc17xx_clkpwr.o)
                0x000036fc                CLKPWR_GetPCLKSEL
 .text.CLKPWR_GetPCLK
                0x00003750       0x70 /opt/york/cs/net/bin/../lpc1700-cmsis-lite-2011.01.26-i686-1/lib/libDriversLPC17xxgnu.a(lpc17xx_clkpwr.o)
                0x00003750                CLKPWR_GetPCLK
 .text.CLKPWR_ConfigPPWR
                0x000037c0       0x80 /opt/york/cs/net/bin/../lpc1700-cmsis-lite-2011.01.26-i686-1/lib/libDriversLPC17xxgnu.a(lpc17xx_clkpwr.o)
                0x000037c0                CLKPWR_ConfigPPWR
 .text.CLKPWR_Sleep
                0x00003840       0x1c /opt/york/cs/net/bin/../lpc1700-cmsis-lite-2011.01.26-i686-1/lib/libDriversLPC17xxgnu.a(lpc17xx_clkpwr.o)
                0x00003840                CLKPWR_Sleep
 .text.CLKPWR_DeepSleep
                0x0000385c       0x2c /opt/york/cs/net/bin/../lpc1700-cmsis-lite-2011.01.26-i686-1/lib/libDriversLPC17xxgnu.a(lpc17xx_clkpwr.o)
                0x0000385c                CLKPWR_DeepSleep
 .text.CLKPWR_PowerDown
                0x00003888       0x2c /opt/york/cs/net/bin/../lpc1700-cmsis-lite-2011.01.26-i686-1/lib/libDriversLPC17xxgnu.a(lpc17xx_clkpwr.o)
                0x00003888                CLKPWR_PowerDown
 .text.CLKPWR_DeepPowerDown
                0x000038b4       0x2c /opt/york/cs/net/bin/../lpc1700-cmsis-lite-2011.01.26-i686-1/lib/libDriversLPC17xxgnu.a(lpc17xx_clkpwr.o)
                0x000038b4                CLKPWR_DeepPowerDown
 .text          0x000038e0        0x0 /opt/york/cs/net/sourcery-g++-lite-arm-eabi-2010.09.51-i686-1/bin/../lib/gcc/arm-none-eabi/4.5.1/thumb2/crtend.o
 .text          0x000038e0        0x0 /opt/york/cs/net/sourcery-g++-lite-arm-eabi-2010.09.51-i686-1/bin/../lib/gcc/arm-none-eabi/4.5.1/thumb2/crtn.o
 *(.plt)
 *(.gnu.warning)
 *(.glue_7t)
 .glue_7t       0x00000000        0x0 linker stubs
 *(.glue_7)
 .glue_7        0x00000000        0x0 linker stubs
 *(.vfp11_veneer)
 .vfp11_veneer  0x00000000        0x0 linker stubs
 *(.rodata .rodata.* .gnu.linkonce.r.*)
 .rodata        0x000038e0       0x44 DevelopmentController.o
 .rodata.C.2.4956
                0x00003924        0x4 DevelopmentController.o
 .rodata.C.3.4957
                0x00003928       0x24 DevelopmentController.o
 .rodata.C.4.4963
                0x0000394c       0x24 DevelopmentController.o
 .rodata.C.8.4975
                0x00003970        0xc DevelopmentController.o
 .rodata        0x0000397c       0x10 /opt/york/cs/net/bin/../lpc1700-cmsis-lite-2011.01.26-i686-1/lib/libDriversLPC17xxgnu.a(lpc17xx_i2c.o)
 *(.ARM.extab* .gnu.linkonce.armextab.*)
 .ARM.extab.cs3.reset
                0x0000398c        0x0 /opt/york/cs/net/bin/../lpc1700-cmsis-lite-2011.01.26-i686-1/lib/startup_LPC17xx.o
 *(.gcc_except_table)
 *(.eh_frame_hdr)
 *(.eh_frame)
                0x0000398c                . = ALIGN (0x4)
 *(.init)
 .init          0x0000398c        0x4 /opt/york/cs/net/sourcery-g++-lite-arm-eabi-2010.09.51-i686-1/bin/../lib/gcc/arm-none-eabi/4.5.1/thumb2/crti.o
                0x0000398c                _init
 .init          0x00003990        0x8 /opt/york/cs/net/sourcery-g++-lite-arm-eabi-2010.09.51-i686-1/bin/../lib/gcc/arm-none-eabi/4.5.1/thumb2/crtn.o
                0x00003998                . = ALIGN (0x4)
                0x00003998                __preinit_array_start = .
 *(.preinit_array)
                0x00003998                __preinit_array_end = .
                0x00003998                . = ALIGN (0x4)
                0x00003998                __init_array_start = .
 *(SORT(.init_array.*))
 *(.init_array)
 .init_array    0x00003998        0x4 /opt/york/cs/net/sourcery-g++-lite-arm-eabi-2010.09.51-i686-1/bin/../lib/gcc/arm-none-eabi/4.5.1/thumb2/crtbegin.o
                0x0000399c                __init_array_end = .
                0x0000399c                . = ALIGN (0x4)
 *crtbegin.o(.ctors)
 *(EXCLUDE_FILE(*crtend.o) .ctors)
 *(SORT(.ctors.*))
 *crtend.o(.ctors)
                0x0000399c                . = ALIGN (0x4)
 *(.fini)
 .fini          0x0000399c        0x4 /opt/york/cs/net/sourcery-g++-lite-arm-eabi-2010.09.51-i686-1/bin/../lib/gcc/arm-none-eabi/4.5.1/thumb2/crti.o
                0x0000399c                _fini
 .fini          0x000039a0        0x8 /opt/york/cs/net/sourcery-g++-lite-arm-eabi-2010.09.51-i686-1/bin/../lib/gcc/arm-none-eabi/4.5.1/thumb2/crtn.o
                0x000039a8                . = ALIGN (0x4)
                0x000039a8                __fini_array_start = .
 *(.fini_array)
 .fini_array    0x000039a8        0x4 /opt/york/cs/net/sourcery-g++-lite-arm-eabi-2010.09.51-i686-1/bin/../lib/gcc/arm-none-eabi/4.5.1/thumb2/crtbegin.o
 *(SORT(.fini_array.*))
                0x000039ac                __fini_array_end = .
 *crtbegin.o(.dtors)
 *(EXCLUDE_FILE(*crtend.o) .dtors)
 *(SORT(.dtors.*))
 *crtend.o(.dtors)
                0x000039ac                . = ALIGN (0x4)
                0x000039ac                __cs3_regions = .
                0x000039ac        0x4 LONG 0x0
                0x000039b0        0x4 LONG 0x39c8 __cs3_region_init_ram
                0x000039b4        0x4 LONG 0x10000000 __cs3_region_start_ram
                0x000039b8        0x4 LONG 0x18 __cs3_region_init_size_ram
                0x000039bc        0x4 LONG 0xb0 __cs3_region_zero_size_ram
                0x000039c0                __exidx_start = .

.v4_bx          0x000039c0        0x0
 .v4_bx         0x00000000        0x0 linker stubs

.ARM.exidx      0x000039c0        0x8
 *(.ARM.exidx* .gnu.linkonce.armexidx.*)
 .ARM.exidx.cs3.reset
                0x000039c0        0x8 /opt/york/cs/net/bin/../lpc1700-cmsis-lite-2011.01.26-i686-1/lib/startup_LPC17xx.o
                0x000039c8                __exidx_end = .

.text.align     0x000039c8        0x0
                0x000039c8                . = ALIGN (0x8)
                0x000039c8                _etext = .
                0x00080000                __cs3_region_size_rom = 0x80000
                0x00000001                __cs3_region_num = 0x1

.data           0x10000000       0x18 load address 0x000039c8
                0x10000000                __cs3_region_start_ram = .
 *(.cs3.region-head.ram)
 *(.jcr)
 .jcr           0x10000000        0x0 /opt/york/cs/net/sourcery-g++-lite-arm-eabi-2010.09.51-i686-1/bin/../lib/gcc/arm-none-eabi/4.5.1/thumb2/crtbegin.o
 .jcr           0x10000000        0x4 /opt/york/cs/net/sourcery-g++-lite-arm-eabi-2010.09.51-i686-1/bin/../lib/gcc/arm-none-eabi/4.5.1/thumb2/crtend.o
 *(.got.plt)
 *(.got)
 *(.shdata)
 *(.data .data.* .gnu.linkonce.d.*)
 .data          0x10000004        0x0 /opt/york/cs/net/sourcery-g++-lite-arm-eabi-2010.09.51-i686-1/bin/../lib/gcc/arm-none-eabi/4.5.1/thumb2/crti.o
 .data          0x10000004        0x4 /opt/york/cs/net/sourcery-g++-lite-arm-eabi-2010.09.51-i686-1/bin/../lib/gcc/arm-none-eabi/4.5.1/thumb2/crtbegin.o
                0x10000004                __dso_handle
 .data          0x10000008        0x0 DevelopmentController.o
 .data.I2C      0x10000008        0x4 DevelopmentController.o
                0x10000008                I2C
 .data.lastKeyPressed
                0x1000000c        0x4 DevelopmentController.o
                0x1000000c                lastKeyPressed
 .data.setHigh  0x10000010        0x4 DevelopmentController.o
                0x10000010                setHigh
 .data          0x10000014        0x0 /opt/york/cs/net/bin/../lpc1700-cmsis-lite-2011.01.26-i686-1/lib/core_cm3.o
 .data          0x10000014        0x0 /opt/york/cs/net/bin/../lpc1700-cmsis-lite-2011.01.26-i686-1/lib/system_LPC17xx.o
 .data.SystemCoreClock
                0x10000014        0x4 /opt/york/cs/net/bin/../lpc1700-cmsis-lite-2011.01.26-i686-1/lib/system_LPC17xx.o
                0x10000014                SystemCoreClock
 .data          0x10000018        0x0 /opt/york/cs/net/bin/../lpc1700-cmsis-lite-2011.01.26-i686-1/lib/startup_LPC17xx.o
 .data          0x10000018        0x0 /opt/york/cs/net/sourcery-g++-lite-arm-eabi-2010.09.51-i686-1/bin/../lib/gcc/arm-none-eabi/4.5.1/../../../../arm-none-eabi/lib/thumb2/libc.a(lib_a-memset.o)
 .data          0x10000018        0x0 /opt/york/cs/net/sourcery-g++-lite-arm-eabi-2010.09.51-i686-1/bin/../lib/gcc/arm-none-eabi/4.5.1/../../../../arm-none-eabi/lib/thumb2/libc.a(lib_a-strcmp.o)
 .data          0x10000018        0x0 /opt/york/cs/net/sourcery-g++-lite-arm-eabi-2010.09.51-i686-1/bin/../lib/gcc/arm-none-eabi/4.5.1/../../../../arm-none-eabi/lib/thumb2/libcs3.a(start_c.o)
 .data          0x10000018        0x0 /opt/york/cs/net/sourcery-g++-lite-arm-eabi-2010.09.51-i686-1/bin/../lib/gcc/arm-none-eabi/4.5.1/../../../../arm-none-eabi/lib/thumb2/libcs3unhosted.a(unhosted-start.o)
 .data          0x10000018        0x0 /opt/york/cs/net/sourcery-g++-lite-arm-eabi-2010.09.51-i686-1/bin/../lib/gcc/arm-none-eabi/4.5.1/../../../../arm-none-eabi/lib/thumb2/libc.a(lib_a-init.o)
 .data          0x10000018        0x0 /opt/york/cs/net/bin/../lpc1700-cmsis-lite-2011.01.26-i686-1/lib/libDriversLPC17xxgnu.a(lpc17xx_gpio.o)
 .data          0x10000018        0x0 /opt/york/cs/net/bin/../lpc1700-cmsis-lite-2011.01.26-i686-1/lib/libDriversLPC17xxgnu.a(lpc17xx_i2c.o)
 .data          0x10000018        0x0 /opt/york/cs/net/bin/../lpc1700-cmsis-lite-2011.01.26-i686-1/lib/libDriversLPC17xxgnu.a(lpc17xx_libcfg_default.o)
 .data          0x10000018        0x0 /opt/york/cs/net/bin/../lpc1700-cmsis-lite-2011.01.26-i686-1/lib/libDriversLPC17xxgnu.a(lpc17xx_pinsel.o)
 .data          0x10000018        0x0 /opt/york/cs/net/bin/../lpc1700-cmsis-lite-2011.01.26-i686-1/lib/libDriversLPC17xxgnu.a(lpc17xx_clkpwr.o)
 .data          0x10000018        0x0 /opt/york/cs/net/sourcery-g++-lite-arm-eabi-2010.09.51-i686-1/bin/../lib/gcc/arm-none-eabi/4.5.1/thumb2/crtend.o
 .data          0x10000018        0x0 /opt/york/cs/net/sourcery-g++-lite-arm-eabi-2010.09.51-i686-1/bin/../lib/gcc/arm-none-eabi/4.5.1/thumb2/crtn.o
 *(.ram)
                0x10000018                . = ALIGN (0x8)
                0x10000018                _edata = .

.bss            0x10000018       0xb0 load address 0x000039e0
 *(.shbss)
 *(.bss .bss.* .gnu.linkonce.b.*)
 .bss           0x10000018        0x0 /opt/york/cs/net/sourcery-g++-lite-arm-eabi-2010.09.51-i686-1/bin/../lib/gcc/arm-none-eabi/4.5.1/thumb2/crti.o
 .bss           0x10000018        0x1 /opt/york/cs/net/sourcery-g++-lite-arm-eabi-2010.09.51-i686-1/bin/../lib/gcc/arm-none-eabi/4.5.1/thumb2/crtbegin.o
 .bss           0x10000019        0x0 DevelopmentController.o
 .bss           0x10000019        0x0 /opt/york/cs/net/bin/../lpc1700-cmsis-lite-2011.01.26-i686-1/lib/core_cm3.o
 .bss           0x10000019        0x0 /opt/york/cs/net/bin/../lpc1700-cmsis-lite-2011.01.26-i686-1/lib/system_LPC17xx.o
 .bss           0x10000019        0x0 /opt/york/cs/net/bin/../lpc1700-cmsis-lite-2011.01.26-i686-1/lib/startup_LPC17xx.o
 .bss           0x10000019        0x0 /opt/york/cs/net/sourcery-g++-lite-arm-eabi-2010.09.51-i686-1/bin/../lib/gcc/arm-none-eabi/4.5.1/../../../../arm-none-eabi/lib/thumb2/libc.a(lib_a-memset.o)
 .bss           0x10000019        0x0 /opt/york/cs/net/sourcery-g++-lite-arm-eabi-2010.09.51-i686-1/bin/../lib/gcc/arm-none-eabi/4.5.1/../../../../arm-none-eabi/lib/thumb2/libc.a(lib_a-strcmp.o)
 .bss           0x10000019        0x0 /opt/york/cs/net/sourcery-g++-lite-arm-eabi-2010.09.51-i686-1/bin/../lib/gcc/arm-none-eabi/4.5.1/../../../../arm-none-eabi/lib/thumb2/libcs3.a(start_c.o)
 .bss           0x10000019        0x0 /opt/york/cs/net/sourcery-g++-lite-arm-eabi-2010.09.51-i686-1/bin/../lib/gcc/arm-none-eabi/4.5.1/../../../../arm-none-eabi/lib/thumb2/libcs3unhosted.a(unhosted-start.o)
 .bss           0x10000019        0x0 /opt/york/cs/net/sourcery-g++-lite-arm-eabi-2010.09.51-i686-1/bin/../lib/gcc/arm-none-eabi/4.5.1/../../../../arm-none-eabi/lib/thumb2/libc.a(lib_a-init.o)
 .bss           0x10000019        0x0 /opt/york/cs/net/bin/../lpc1700-cmsis-lite-2011.01.26-i686-1/lib/libDriversLPC17xxgnu.a(lpc17xx_gpio.o)
 .bss           0x10000019        0x0 /opt/york/cs/net/bin/../lpc1700-cmsis-lite-2011.01.26-i686-1/lib/libDriversLPC17xxgnu.a(lpc17xx_i2c.o)
 *fill*         0x10000019        0x3 00
 .bss.i2cdat    0x1000001c       0x18 /opt/york/cs/net/bin/../lpc1700-cmsis-lite-2011.01.26-i686-1/lib/libDriversLPC17xxgnu.a(lpc17xx_i2c.o)
 .bss.I2C_MasterComplete
                0x10000034        0xc /opt/york/cs/net/bin/../lpc1700-cmsis-lite-2011.01.26-i686-1/lib/libDriversLPC17xxgnu.a(lpc17xx_i2c.o)
 .bss.I2C_SlaveComplete
                0x10000040        0xc /opt/york/cs/net/bin/../lpc1700-cmsis-lite-2011.01.26-i686-1/lib/libDriversLPC17xxgnu.a(lpc17xx_i2c.o)
 .bss.I2C_MonitorBufferIndex
                0x1000004c        0x4 /opt/york/cs/net/bin/../lpc1700-cmsis-lite-2011.01.26-i686-1/lib/libDriversLPC17xxgnu.a(lpc17xx_i2c.o)
 .bss           0x10000050        0x0 /opt/york/cs/net/bin/../lpc1700-cmsis-lite-2011.01.26-i686-1/lib/libDriversLPC17xxgnu.a(lpc17xx_libcfg_default.o)
 .bss           0x10000050        0x0 /opt/york/cs/net/bin/../lpc1700-cmsis-lite-2011.01.26-i686-1/lib/libDriversLPC17xxgnu.a(lpc17xx_pinsel.o)
 .bss           0x10000050        0x0 /opt/york/cs/net/bin/../lpc1700-cmsis-lite-2011.01.26-i686-1/lib/libDriversLPC17xxgnu.a(lpc17xx_clkpwr.o)
 .bss           0x10000050        0x0 /opt/york/cs/net/sourcery-g++-lite-arm-eabi-2010.09.51-i686-1/bin/../lib/gcc/arm-none-eabi/4.5.1/thumb2/crtend.o
 .bss           0x10000050        0x0 /opt/york/cs/net/sourcery-g++-lite-arm-eabi-2010.09.51-i686-1/bin/../lib/gcc/arm-none-eabi/4.5.1/thumb2/crtn.o
 *(COMMON)
 COMMON         0x10000050       0x78 DevelopmentController.o
                0x10000050                ScreenTransferConfig
                0x1000007c                output
                0x1000009c                KeypadTransferConfig
 *(.ram.b)
                0x100000c8                . = ALIGN (0x8)
                0x100000c8                _end = .
                0x100000c8                __end = .

.usb_ram
 *.o(USB_RAM)

.heap           0x100000c8     0x1000
 *(.heap)
 .heap          0x100000c8     0x1000 /opt/york/cs/net/bin/../lpc1700-cmsis-lite-2011.01.26-i686-1/lib/startup_LPC17xx.o
                0x100000c8                __cs3_heap_start
                0x100010c8                __cs3_heap_end

.stack          0x10007f00      0x100
 *(.stack)
 .stack         0x10007f00      0x100 /opt/york/cs/net/bin/../lpc1700-cmsis-lite-2011.01.26-i686-1/lib/startup_LPC17xx.o
                0x10007f00                __cs3_stack_mem
                0x10008000                _estack = .
                0x10008000                PROVIDE (estack, .)
                0x000039c8                __cs3_region_init_ram = LOADADDR (.data)
                0x00000018                __cs3_region_init_size_ram = (_edata - __cs3_region_start_ram)
                0x000000b0                __cs3_region_zero_size_ram = (_end - _edata)
                0x00008000                __cs3_region_size_ram = 0x8000
                0x00000001                __cs3_region_num = 0x1

.stab
 *(.stab)

.stabstr
 *(.stabstr)

.debug
 *(.debug)

.line
 *(.line)

.debug_srcinfo
 *(.debug_srcinfo)

.debug_sfnames
 *(.debug_sfnames)

.comment        0x00000000       0x2a
 .comment       0x00000000       0x2a DevelopmentController.o
                                 0x2b (size before relaxing)
 .comment       0x00000000       0x2b /opt/york/cs/net/bin/../lpc1700-cmsis-lite-2011.01.26-i686-1/lib/core_cm3.o
 .comment       0x00000000       0x2b /opt/york/cs/net/bin/../lpc1700-cmsis-lite-2011.01.26-i686-1/lib/system_LPC17xx.o
 .comment       0x00000000       0x2b /opt/york/cs/net/bin/../lpc1700-cmsis-lite-2011.01.26-i686-1/lib/libDriversLPC17xxgnu.a(lpc17xx_gpio.o)
 .comment       0x00000000       0x2b /opt/york/cs/net/bin/../lpc1700-cmsis-lite-2011.01.26-i686-1/lib/libDriversLPC17xxgnu.a(lpc17xx_i2c.o)
 .comment       0x00000000       0x2b /opt/york/cs/net/bin/../lpc1700-cmsis-lite-2011.01.26-i686-1/lib/libDriversLPC17xxgnu.a(lpc17xx_libcfg_default.o)
 .comment       0x00000000       0x2b /opt/york/cs/net/bin/../lpc1700-cmsis-lite-2011.01.26-i686-1/lib/libDriversLPC17xxgnu.a(lpc17xx_pinsel.o)
 .comment       0x00000000       0x2b /opt/york/cs/net/bin/../lpc1700-cmsis-lite-2011.01.26-i686-1/lib/libDriversLPC17xxgnu.a(lpc17xx_clkpwr.o)

.debug_aranges  0x00000000      0x388
 *(.debug_aranges)
 .debug_aranges
                0x00000000       0xb0 DevelopmentController.o
 .debug_aranges
                0x000000b0       0x28 /opt/york/cs/net/bin/../lpc1700-cmsis-lite-2011.01.26-i686-1/lib/system_LPC17xx.o
 .debug_aranges
                0x000000d8       0x28 /opt/york/cs/net/bin/../lpc1700-cmsis-lite-2011.01.26-i686-1/lib/startup_LPC17xx.o
 .debug_aranges
                0x00000100       0xf8 /opt/york/cs/net/bin/../lpc1700-cmsis-lite-2011.01.26-i686-1/lib/libDriversLPC17xxgnu.a(lpc17xx_gpio.o)
 .debug_aranges
                0x000001f8       0xd0 /opt/york/cs/net/bin/../lpc1700-cmsis-lite-2011.01.26-i686-1/lib/libDriversLPC17xxgnu.a(lpc17xx_i2c.o)
 .debug_aranges
                0x000002c8       0x20 /opt/york/cs/net/bin/../lpc1700-cmsis-lite-2011.01.26-i686-1/lib/libDriversLPC17xxgnu.a(lpc17xx_libcfg_default.o)
 .debug_aranges
                0x000002e8       0x48 /opt/york/cs/net/bin/../lpc1700-cmsis-lite-2011.01.26-i686-1/lib/libDriversLPC17xxgnu.a(lpc17xx_pinsel.o)
 .debug_aranges
                0x00000330       0x58 /opt/york/cs/net/bin/../lpc1700-cmsis-lite-2011.01.26-i686-1/lib/libDriversLPC17xxgnu.a(lpc17xx_clkpwr.o)

.debug_pubnames
                0x00000000      0x6a2
 *(.debug_pubnames)
 .debug_pubnames
                0x00000000      0x1b6 DevelopmentController.o
 .debug_pubnames
                0x000001b6       0x4f /opt/york/cs/net/bin/../lpc1700-cmsis-lite-2011.01.26-i686-1/lib/system_LPC17xx.o
 .debug_pubnames
                0x00000205      0x203 /opt/york/cs/net/bin/../lpc1700-cmsis-lite-2011.01.26-i686-1/lib/libDriversLPC17xxgnu.a(lpc17xx_gpio.o)
 .debug_pubnames
                0x00000408      0x163 /opt/york/cs/net/bin/../lpc1700-cmsis-lite-2011.01.26-i686-1/lib/libDriversLPC17xxgnu.a(lpc17xx_i2c.o)
 .debug_pubnames
                0x0000056b       0x23 /opt/york/cs/net/bin/../lpc1700-cmsis-lite-2011.01.26-i686-1/lib/libDriversLPC17xxgnu.a(lpc17xx_libcfg_default.o)
 .debug_pubnames
                0x0000058e       0x59 /opt/york/cs/net/bin/../lpc1700-cmsis-lite-2011.01.26-i686-1/lib/libDriversLPC17xxgnu.a(lpc17xx_pinsel.o)
 .debug_pubnames
                0x000005e7       0xbb /opt/york/cs/net/bin/../lpc1700-cmsis-lite-2011.01.26-i686-1/lib/libDriversLPC17xxgnu.a(lpc17xx_clkpwr.o)

.debug_info     0x00000000     0x3651
 *(.debug_info .gnu.linkonce.wi.*)
 .debug_info    0x00000000      0x807 DevelopmentController.o
 .debug_info    0x00000807       0x68 /opt/york/cs/net/bin/../lpc1700-cmsis-lite-2011.01.26-i686-1/lib/core_cm3.o
 .debug_info    0x0000086f      0x509 /opt/york/cs/net/bin/../lpc1700-cmsis-lite-2011.01.26-i686-1/lib/system_LPC17xx.o
 .debug_info    0x00000d78       0xc1 /opt/york/cs/net/bin/../lpc1700-cmsis-lite-2011.01.26-i686-1/lib/startup_LPC17xx.o
 .debug_info    0x00000e39      0xe29 /opt/york/cs/net/bin/../lpc1700-cmsis-lite-2011.01.26-i686-1/lib/libDriversLPC17xxgnu.a(lpc17xx_gpio.o)
 .debug_info    0x00001c62      0xdac /opt/york/cs/net/bin/../lpc1700-cmsis-lite-2011.01.26-i686-1/lib/libDriversLPC17xxgnu.a(lpc17xx_i2c.o)
 .debug_info    0x00002a0e       0xc9 /opt/york/cs/net/bin/../lpc1700-cmsis-lite-2011.01.26-i686-1/lib/libDriversLPC17xxgnu.a(lpc17xx_libcfg_default.o)
 .debug_info    0x00002ad7      0x4b5 /opt/york/cs/net/bin/../lpc1700-cmsis-lite-2011.01.26-i686-1/lib/libDriversLPC17xxgnu.a(lpc17xx_pinsel.o)
 .debug_info    0x00002f8c      0x6c5 /opt/york/cs/net/bin/../lpc1700-cmsis-lite-2011.01.26-i686-1/lib/libDriversLPC17xxgnu.a(lpc17xx_clkpwr.o)

.debug_abbrev   0x00000000      0x9f1
 *(.debug_abbrev)
 .debug_abbrev  0x00000000      0x1be DevelopmentController.o
 .debug_abbrev  0x000001be       0x28 /opt/york/cs/net/bin/../lpc1700-cmsis-lite-2011.01.26-i686-1/lib/core_cm3.o
 .debug_abbrev  0x000001e6      0x102 /opt/york/cs/net/bin/../lpc1700-cmsis-lite-2011.01.26-i686-1/lib/system_LPC17xx.o
 .debug_abbrev  0x000002e8       0x12 /opt/york/cs/net/bin/../lpc1700-cmsis-lite-2011.01.26-i686-1/lib/startup_LPC17xx.o
 .debug_abbrev  0x000002fa      0x1c9 /opt/york/cs/net/bin/../lpc1700-cmsis-lite-2011.01.26-i686-1/lib/libDriversLPC17xxgnu.a(lpc17xx_gpio.o)
 .debug_abbrev  0x000004c3      0x214 /opt/york/cs/net/bin/../lpc1700-cmsis-lite-2011.01.26-i686-1/lib/libDriversLPC17xxgnu.a(lpc17xx_i2c.o)
 .debug_abbrev  0x000006d7       0x68 /opt/york/cs/net/bin/../lpc1700-cmsis-lite-2011.01.26-i686-1/lib/libDriversLPC17xxgnu.a(lpc17xx_libcfg_default.o)
 .debug_abbrev  0x0000073f      0x11d /opt/york/cs/net/bin/../lpc1700-cmsis-lite-2011.01.26-i686-1/lib/libDriversLPC17xxgnu.a(lpc17xx_pinsel.o)
 .debug_abbrev  0x0000085c      0x195 /opt/york/cs/net/bin/../lpc1700-cmsis-lite-2011.01.26-i686-1/lib/libDriversLPC17xxgnu.a(lpc17xx_clkpwr.o)

.debug_line     0x00000000     0x16b8
 *(.debug_line)
 .debug_line    0x00000000      0x3c3 DevelopmentController.o
 .debug_line    0x000003c3       0x1d /opt/york/cs/net/bin/../lpc1700-cmsis-lite-2011.01.26-i686-1/lib/core_cm3.o
 .debug_line    0x000003e0      0x1e4 /opt/york/cs/net/bin/../lpc1700-cmsis-lite-2011.01.26-i686-1/lib/system_LPC17xx.o
 .debug_line    0x000005c4       0xb1 /opt/york/cs/net/bin/../lpc1700-cmsis-lite-2011.01.26-i686-1/lib/startup_LPC17xx.o
 .debug_line    0x00000675      0x449 /opt/york/cs/net/bin/../lpc1700-cmsis-lite-2011.01.26-i686-1/lib/libDriversLPC17xxgnu.a(lpc17xx_gpio.o)
 .debug_line    0x00000abe      0x67c /opt/york/cs/net/bin/../lpc1700-cmsis-lite-2011.01.26-i686-1/lib/libDriversLPC17xxgnu.a(lpc17xx_i2c.o)
 .debug_line    0x0000113a       0xc4 /opt/york/cs/net/bin/../lpc1700-cmsis-lite-2011.01.26-i686-1/lib/libDriversLPC17xxgnu.a(lpc17xx_libcfg_default.o)
 .debug_line    0x000011fe      0x220 /opt/york/cs/net/bin/../lpc1700-cmsis-lite-2011.01.26-i686-1/lib/libDriversLPC17xxgnu.a(lpc17xx_pinsel.o)
 .debug_line    0x0000141e      0x29a /opt/york/cs/net/bin/../lpc1700-cmsis-lite-2011.01.26-i686-1/lib/libDriversLPC17xxgnu.a(lpc17xx_clkpwr.o)

.debug_frame    0x00000000      0xb7c
 *(.debug_frame)
 .debug_frame   0x00000000      0x260 DevelopmentController.o
 .debug_frame   0x00000260       0x40 /opt/york/cs/net/bin/../lpc1700-cmsis-lite-2011.01.26-i686-1/lib/system_LPC17xx.o
 .debug_frame   0x000002a0       0x2c /opt/york/cs/net/sourcery-g++-lite-arm-eabi-2010.09.51-i686-1/bin/../lib/gcc/arm-none-eabi/4.5.1/../../../../arm-none-eabi/lib/thumb2/libc.a(lib_a-memset.o)
 .debug_frame   0x000002cc       0x30 /opt/york/cs/net/sourcery-g++-lite-arm-eabi-2010.09.51-i686-1/bin/../lib/gcc/arm-none-eabi/4.5.1/../../../../arm-none-eabi/lib/thumb2/libc.a(lib_a-strcmp.o)
 .debug_frame   0x000002fc       0x40 /opt/york/cs/net/sourcery-g++-lite-arm-eabi-2010.09.51-i686-1/bin/../lib/gcc/arm-none-eabi/4.5.1/../../../../arm-none-eabi/lib/thumb2/libcs3.a(start_c.o)
 .debug_frame   0x0000033c       0x2c /opt/york/cs/net/sourcery-g++-lite-arm-eabi-2010.09.51-i686-1/bin/../lib/gcc/arm-none-eabi/4.5.1/../../../../arm-none-eabi/lib/thumb2/libc.a(lib_a-init.o)
 .debug_frame   0x00000368      0x378 /opt/york/cs/net/bin/../lpc1700-cmsis-lite-2011.01.26-i686-1/lib/libDriversLPC17xxgnu.a(lpc17xx_gpio.o)
 .debug_frame   0x000006e0      0x2d0 /opt/york/cs/net/bin/../lpc1700-cmsis-lite-2011.01.26-i686-1/lib/libDriversLPC17xxgnu.a(lpc17xx_i2c.o)
 .debug_frame   0x000009b0       0x2c /opt/york/cs/net/bin/../lpc1700-cmsis-lite-2011.01.26-i686-1/lib/libDriversLPC17xxgnu.a(lpc17xx_libcfg_default.o)
 .debug_frame   0x000009dc       0xbc /opt/york/cs/net/bin/../lpc1700-cmsis-lite-2011.01.26-i686-1/lib/libDriversLPC17xxgnu.a(lpc17xx_pinsel.o)
 .debug_frame   0x00000a98       0xe4 /opt/york/cs/net/bin/../lpc1700-cmsis-lite-2011.01.26-i686-1/lib/libDriversLPC17xxgnu.a(lpc17xx_clkpwr.o)

.debug_str      0x00000000     0x1394
 *(.debug_str)
 .debug_str     0x00000000      0x459 DevelopmentController.o
                                0x4a1 (size before relaxing)
 .debug_str     0x00000459       0x42 /opt/york/cs/net/bin/../lpc1700-cmsis-lite-2011.01.26-i686-1/lib/core_cm3.o
                                 0xd2 (size before relaxing)
 .debug_str     0x0000049b      0x21f /opt/york/cs/net/bin/../lpc1700-cmsis-lite-2011.01.26-i686-1/lib/system_LPC17xx.o
                                0x2d5 (size before relaxing)
 .debug_str     0x000006ba      0x467 /opt/york/cs/net/bin/../lpc1700-cmsis-lite-2011.01.26-i686-1/lib/libDriversLPC17xxgnu.a(lpc17xx_gpio.o)
                                0x545 (size before relaxing)
 .debug_str     0x00000b21      0x58b /opt/york/cs/net/bin/../lpc1700-cmsis-lite-2011.01.26-i686-1/lib/libDriversLPC17xxgnu.a(lpc17xx_i2c.o)
                                0x840 (size before relaxing)
 .debug_str     0x000010ac       0x30 /opt/york/cs/net/bin/../lpc1700-cmsis-lite-2011.01.26-i686-1/lib/libDriversLPC17xxgnu.a(lpc17xx_libcfg_default.o)
                                0x107 (size before relaxing)
 .debug_str     0x000010dc      0x1fb /opt/york/cs/net/bin/../lpc1700-cmsis-lite-2011.01.26-i686-1/lib/libDriversLPC17xxgnu.a(lpc17xx_pinsel.o)
                                0x359 (size before relaxing)
 .debug_str     0x000012d7       0xbd /opt/york/cs/net/bin/../lpc1700-cmsis-lite-2011.01.26-i686-1/lib/libDriversLPC17xxgnu.a(lpc17xx_clkpwr.o)
                                0x380 (size before relaxing)

.debug_loc      0x00000000     0x12ae
 *(.debug_loc)
 .debug_loc     0x00000000      0x416 DevelopmentController.o
 .debug_loc     0x00000416       0x58 /opt/york/cs/net/bin/../lpc1700-cmsis-lite-2011.01.26-i686-1/lib/system_LPC17xx.o
 .debug_loc     0x0000046e      0x620 /opt/york/cs/net/bin/../lpc1700-cmsis-lite-2011.01.26-i686-1/lib/libDriversLPC17xxgnu.a(lpc17xx_gpio.o)
 .debug_loc     0x00000a8e      0x508 /opt/york/cs/net/bin/../lpc1700-cmsis-lite-2011.01.26-i686-1/lib/libDriversLPC17xxgnu.a(lpc17xx_i2c.o)
 .debug_loc     0x00000f96       0x38 /opt/york/cs/net/bin/../lpc1700-cmsis-lite-2011.01.26-i686-1/lib/libDriversLPC17xxgnu.a(lpc17xx_libcfg_default.o)
 .debug_loc     0x00000fce      0x150 /opt/york/cs/net/bin/../lpc1700-cmsis-lite-2011.01.26-i686-1/lib/libDriversLPC17xxgnu.a(lpc17xx_pinsel.o)
 .debug_loc     0x0000111e      0x190 /opt/york/cs/net/bin/../lpc1700-cmsis-lite-2011.01.26-i686-1/lib/libDriversLPC17xxgnu.a(lpc17xx_clkpwr.o)

.debug_macinfo
 *(.debug_macinfo)

.debug_weaknames
 *(.debug_weaknames)

.debug_funcnames
 *(.debug_funcnames)

.debug_typenames
 *(.debug_typenames)

.debug_varnames
 *(.debug_varnames)

.note.gnu.arm.ident
 *(.note.gnu.arm.ident)

.ARM.attributes
                0x00000000       0x25
 *(.ARM.attributes)
 .ARM.attributes
                0x00000000       0x19 /opt/york/cs/net/sourcery-g++-lite-arm-eabi-2010.09.51-i686-1/bin/../lib/gcc/arm-none-eabi/4.5.1/thumb2/crti.o
 .ARM.attributes
                0x00000019       0x29 /opt/york/cs/net/sourcery-g++-lite-arm-eabi-2010.09.51-i686-1/bin/../lib/gcc/arm-none-eabi/4.5.1/thumb2/crtbegin.o
 .ARM.attributes
                0x00000042       0x31 DevelopmentController.o
 .ARM.attributes
                0x00000073       0x31 /opt/york/cs/net/bin/../lpc1700-cmsis-lite-2011.01.26-i686-1/lib/core_cm3.o
 .ARM.attributes
                0x000000a4       0x31 /opt/york/cs/net/bin/../lpc1700-cmsis-lite-2011.01.26-i686-1/lib/system_LPC17xx.o
 .ARM.attributes
                0x000000d5       0x21 /opt/york/cs/net/bin/../lpc1700-cmsis-lite-2011.01.26-i686-1/lib/startup_LPC17xx.o
 .ARM.attributes
                0x000000f6       0x29 /opt/york/cs/net/sourcery-g++-lite-arm-eabi-2010.09.51-i686-1/bin/../lib/gcc/arm-none-eabi/4.5.1/../../../../arm-none-eabi/lib/thumb2/libc.a(lib_a-memset.o)
 .ARM.attributes
                0x0000011f       0x29 /opt/york/cs/net/sourcery-g++-lite-arm-eabi-2010.09.51-i686-1/bin/../lib/gcc/arm-none-eabi/4.5.1/../../../../arm-none-eabi/lib/thumb2/libc.a(lib_a-strcmp.o)
 .ARM.attributes
                0x00000148       0x29 /opt/york/cs/net/sourcery-g++-lite-arm-eabi-2010.09.51-i686-1/bin/../lib/gcc/arm-none-eabi/4.5.1/../../../../arm-none-eabi/lib/thumb2/libcs3.a(start_c.o)
 .ARM.attributes
                0x00000171       0x19 /opt/york/cs/net/sourcery-g++-lite-arm-eabi-2010.09.51-i686-1/bin/../lib/gcc/arm-none-eabi/4.5.1/../../../../arm-none-eabi/lib/thumb2/libcs3unhosted.a(unhosted-start.o)
 .ARM.attributes
                0x0000018a       0x29 /opt/york/cs/net/sourcery-g++-lite-arm-eabi-2010.09.51-i686-1/bin/../lib/gcc/arm-none-eabi/4.5.1/../../../../arm-none-eabi/lib/thumb2/libc.a(lib_a-init.o)
 .ARM.attributes
                0x000001b3       0x31 /opt/york/cs/net/bin/../lpc1700-cmsis-lite-2011.01.26-i686-1/lib/libDriversLPC17xxgnu.a(lpc17xx_gpio.o)
 .ARM.attributes
                0x000001e4       0x31 /opt/york/cs/net/bin/../lpc1700-cmsis-lite-2011.01.26-i686-1/lib/libDriversLPC17xxgnu.a(lpc17xx_i2c.o)
 .ARM.attributes
                0x00000215       0x31 /opt/york/cs/net/bin/../lpc1700-cmsis-lite-2011.01.26-i686-1/lib/libDriversLPC17xxgnu.a(lpc17xx_libcfg_default.o)
 .ARM.attributes
                0x00000246       0x31 /opt/york/cs/net/bin/../lpc1700-cmsis-lite-2011.01.26-i686-1/lib/libDriversLPC17xxgnu.a(lpc17xx_pinsel.o)
 .ARM.attributes
                0x00000277       0x31 /opt/york/cs/net/bin/../lpc1700-cmsis-lite-2011.01.26-i686-1/lib/libDriversLPC17xxgnu.a(lpc17xx_clkpwr.o)
 .ARM.attributes
                0x000002a8       0x29 /opt/york/cs/net/sourcery-g++-lite-arm-eabi-2010.09.51-i686-1/bin/../lib/gcc/arm-none-eabi/4.5.1/thumb2/crtend.o
 .ARM.attributes
                0x000002d1       0x19 /opt/york/cs/net/sourcery-g++-lite-arm-eabi-2010.09.51-i686-1/bin/../lib/gcc/arm-none-eabi/4.5.1/thumb2/crtn.o

/DISCARD/
 *(.note.GNU-stack)
LOAD /opt/york/cs/net/bin/../lpc1700-cmsis-lite-2011.01.26-i686-1/lib/libDriversLPC17xxgnu.a
START GROUP
LOAD /opt/york/cs/net/sourcery-g++-lite-arm-eabi-2010.09.51-i686-1/bin/../lib/gcc/arm-none-eabi/4.5.1/thumb2/libgcc.a
LOAD /opt/york/cs/net/sourcery-g++-lite-arm-eabi-2010.09.51-i686-1/bin/../lib/gcc/arm-none-eabi/4.5.1/../../../../arm-none-eabi/lib/thumb2/libc.a
END GROUP
LOAD /opt/york/cs/net/sourcery-g++-lite-arm-eabi-2010.09.51-i686-1/bin/../lib/gcc/arm-none-eabi/4.5.1/thumb2/crtend.o
LOAD /opt/york/cs/net/sourcery-g++-lite-arm-eabi-2010.09.51-i686-1/bin/../lib/gcc/arm-none-eabi/4.5.1/thumb2/crtn.o
OUTPUT(bin/DevelopmentController elf32-littlearm)

.debug_pubtypes
                0x00000000      0x3b1
 .debug_pubtypes
                0x00000000       0x74 DevelopmentController.o
 .debug_pubtypes
                0x00000074       0x12 /opt/york/cs/net/bin/../lpc1700-cmsis-lite-2011.01.26-i686-1/lib/core_cm3.o
 .debug_pubtypes
                0x00000086       0x57 /opt/york/cs/net/bin/../lpc1700-cmsis-lite-2011.01.26-i686-1/lib/system_LPC17xx.o
 .debug_pubtypes
                0x000000dd       0xb5 /opt/york/cs/net/bin/../lpc1700-cmsis-lite-2011.01.26-i686-1/lib/libDriversLPC17xxgnu.a(lpc17xx_gpio.o)
 .debug_pubtypes
                0x00000192      0x113 /opt/york/cs/net/bin/../lpc1700-cmsis-lite-2011.01.26-i686-1/lib/libDriversLPC17xxgnu.a(lpc17xx_i2c.o)
 .debug_pubtypes
                0x000002a5       0x2b /opt/york/cs/net/bin/../lpc1700-cmsis-lite-2011.01.26-i686-1/lib/libDriversLPC17xxgnu.a(lpc17xx_libcfg_default.o)
 .debug_pubtypes
                0x000002d0       0x76 /opt/york/cs/net/bin/../lpc1700-cmsis-lite-2011.01.26-i686-1/lib/libDriversLPC17xxgnu.a(lpc17xx_pinsel.o)
 .debug_pubtypes
                0x00000346       0x6b /opt/york/cs/net/bin/../lpc1700-cmsis-lite-2011.01.26-i686-1/lib/libDriversLPC17xxgnu.a(lpc17xx_clkpwr.o)

.debug_ranges   0x00000000      0x310
 .debug_ranges  0x00000000       0xa0 DevelopmentController.o
 .debug_ranges  0x000000a0       0x18 /opt/york/cs/net/bin/../lpc1700-cmsis-lite-2011.01.26-i686-1/lib/system_LPC17xx.o
 .debug_ranges  0x000000b8       0x20 /opt/york/cs/net/bin/../lpc1700-cmsis-lite-2011.01.26-i686-1/lib/startup_LPC17xx.o
 .debug_ranges  0x000000d8       0xe8 /opt/york/cs/net/bin/../lpc1700-cmsis-lite-2011.01.26-i686-1/lib/libDriversLPC17xxgnu.a(lpc17xx_gpio.o)
 .debug_ranges  0x000001c0       0xc0 /opt/york/cs/net/bin/../lpc1700-cmsis-lite-2011.01.26-i686-1/lib/libDriversLPC17xxgnu.a(lpc17xx_i2c.o)
 .debug_ranges  0x00000280       0x10 /opt/york/cs/net/bin/../lpc1700-cmsis-lite-2011.01.26-i686-1/lib/libDriversLPC17xxgnu.a(lpc17xx_libcfg_default.o)
 .debug_ranges  0x00000290       0x38 /opt/york/cs/net/bin/../lpc1700-cmsis-lite-2011.01.26-i686-1/lib/libDriversLPC17xxgnu.a(lpc17xx_pinsel.o)
 .debug_ranges  0x000002c8       0x48 /opt/york/cs/net/bin/../lpc1700-cmsis-lite-2011.01.26-i686-1/lib/libDriversLPC17xxgnu.a(lpc17xx_clkpwr.o)
